Archive member included to satisfy reference by file (symbol)

C:/ST/STM32CubeIDE_1.4.0/STM32CubeIDE/plugins/com.st.stm32cube.ide.mcu.externaltools.gnu-tools-for-stm32.11.3.rel1.win32_1.1.100.202309141235/tools/bin/../lib/gcc/arm-none-eabi/11.3.1/../../../../arm-none-eabi/lib/thumb/v7e-m+fp/hard\libc_nano.a(libc_a-exit.o)
                              C:/ST/STM32CubeIDE_1.4.0/STM32CubeIDE/plugins/com.st.stm32cube.ide.mcu.externaltools.gnu-tools-for-stm32.11.3.rel1.win32_1.1.100.202309141235/tools/bin/../lib/gcc/arm-none-eabi/11.3.1/../../../../arm-none-eabi/lib/thumb/v7e-m+fp/hard/crt0.o (exit)
C:/ST/STM32CubeIDE_1.4.0/STM32CubeIDE/plugins/com.st.stm32cube.ide.mcu.externaltools.gnu-tools-for-stm32.11.3.rel1.win32_1.1.100.202309141235/tools/bin/../lib/gcc/arm-none-eabi/11.3.1/../../../../arm-none-eabi/lib/thumb/v7e-m+fp/hard\libc_nano.a(libc_a-findfp.o)
                              C:/ST/STM32CubeIDE_1.4.0/STM32CubeIDE/plugins/com.st.stm32cube.ide.mcu.externaltools.gnu-tools-for-stm32.11.3.rel1.win32_1.1.100.202309141235/tools/bin/../lib/gcc/arm-none-eabi/11.3.1/../../../../arm-none-eabi/lib/thumb/v7e-m+fp/hard\libc_nano.a(libc_a-exit.o) (__stdio_exit_handler)
C:/ST/STM32CubeIDE_1.4.0/STM32CubeIDE/plugins/com.st.stm32cube.ide.mcu.externaltools.gnu-tools-for-stm32.11.3.rel1.win32_1.1.100.202309141235/tools/bin/../lib/gcc/arm-none-eabi/11.3.1/../../../../arm-none-eabi/lib/thumb/v7e-m+fp/hard\libc_nano.a(libc_a-fwalk.o)
                              C:/ST/STM32CubeIDE_1.4.0/STM32CubeIDE/plugins/com.st.stm32cube.ide.mcu.externaltools.gnu-tools-for-stm32.11.3.rel1.win32_1.1.100.202309141235/tools/bin/../lib/gcc/arm-none-eabi/11.3.1/../../../../arm-none-eabi/lib/thumb/v7e-m+fp/hard\libc_nano.a(libc_a-findfp.o) (_fwalk_sglue)
C:/ST/STM32CubeIDE_1.4.0/STM32CubeIDE/plugins/com.st.stm32cube.ide.mcu.externaltools.gnu-tools-for-stm32.11.3.rel1.win32_1.1.100.202309141235/tools/bin/../lib/gcc/arm-none-eabi/11.3.1/../../../../arm-none-eabi/lib/thumb/v7e-m+fp/hard\libc_nano.a(libc_a-stdio.o)
                              C:/ST/STM32CubeIDE_1.4.0/STM32CubeIDE/plugins/com.st.stm32cube.ide.mcu.externaltools.gnu-tools-for-stm32.11.3.rel1.win32_1.1.100.202309141235/tools/bin/../lib/gcc/arm-none-eabi/11.3.1/../../../../arm-none-eabi/lib/thumb/v7e-m+fp/hard\libc_nano.a(libc_a-findfp.o) (__sread)
C:/ST/STM32CubeIDE_1.4.0/STM32CubeIDE/plugins/com.st.stm32cube.ide.mcu.externaltools.gnu-tools-for-stm32.11.3.rel1.win32_1.1.100.202309141235/tools/bin/../lib/gcc/arm-none-eabi/11.3.1/../../../../arm-none-eabi/lib/thumb/v7e-m+fp/hard\libc_nano.a(libc_a-memset.o)
                              C:/ST/STM32CubeIDE_1.4.0/STM32CubeIDE/plugins/com.st.stm32cube.ide.mcu.externaltools.gnu-tools-for-stm32.11.3.rel1.win32_1.1.100.202309141235/tools/bin/../lib/gcc/arm-none-eabi/11.3.1/../../../../arm-none-eabi/lib/thumb/v7e-m+fp/hard/crt0.o (memset)
C:/ST/STM32CubeIDE_1.4.0/STM32CubeIDE/plugins/com.st.stm32cube.ide.mcu.externaltools.gnu-tools-for-stm32.11.3.rel1.win32_1.1.100.202309141235/tools/bin/../lib/gcc/arm-none-eabi/11.3.1/../../../../arm-none-eabi/lib/thumb/v7e-m+fp/hard\libc_nano.a(libc_a-closer.o)
                              C:/ST/STM32CubeIDE_1.4.0/STM32CubeIDE/plugins/com.st.stm32cube.ide.mcu.externaltools.gnu-tools-for-stm32.11.3.rel1.win32_1.1.100.202309141235/tools/bin/../lib/gcc/arm-none-eabi/11.3.1/../../../../arm-none-eabi/lib/thumb/v7e-m+fp/hard\libc_nano.a(libc_a-stdio.o) (_close_r)
C:/ST/STM32CubeIDE_1.4.0/STM32CubeIDE/plugins/com.st.stm32cube.ide.mcu.externaltools.gnu-tools-for-stm32.11.3.rel1.win32_1.1.100.202309141235/tools/bin/../lib/gcc/arm-none-eabi/11.3.1/../../../../arm-none-eabi/lib/thumb/v7e-m+fp/hard\libc_nano.a(libc_a-reent.o)
                              C:/ST/STM32CubeIDE_1.4.0/STM32CubeIDE/plugins/com.st.stm32cube.ide.mcu.externaltools.gnu-tools-for-stm32.11.3.rel1.win32_1.1.100.202309141235/tools/bin/../lib/gcc/arm-none-eabi/11.3.1/../../../../arm-none-eabi/lib/thumb/v7e-m+fp/hard\libc_nano.a(libc_a-closer.o) (errno)
C:/ST/STM32CubeIDE_1.4.0/STM32CubeIDE/plugins/com.st.stm32cube.ide.mcu.externaltools.gnu-tools-for-stm32.11.3.rel1.win32_1.1.100.202309141235/tools/bin/../lib/gcc/arm-none-eabi/11.3.1/../../../../arm-none-eabi/lib/thumb/v7e-m+fp/hard\libc_nano.a(libc_a-impure.o)
                              C:/ST/STM32CubeIDE_1.4.0/STM32CubeIDE/plugins/com.st.stm32cube.ide.mcu.externaltools.gnu-tools-for-stm32.11.3.rel1.win32_1.1.100.202309141235/tools/bin/../lib/gcc/arm-none-eabi/11.3.1/../../../../arm-none-eabi/lib/thumb/v7e-m+fp/hard\libc_nano.a(libc_a-reent.o) (_impure_ptr)
C:/ST/STM32CubeIDE_1.4.0/STM32CubeIDE/plugins/com.st.stm32cube.ide.mcu.externaltools.gnu-tools-for-stm32.11.3.rel1.win32_1.1.100.202309141235/tools/bin/../lib/gcc/arm-none-eabi/11.3.1/../../../../arm-none-eabi/lib/thumb/v7e-m+fp/hard\libc_nano.a(libc_a-lseekr.o)
[...]
Memory Configuration

Name             Origin             Length             Attributes
CCMRAM           0x0000000010000000 0x0000000000010000 xrw
RAM              0x0000000020000000 0x0000000000030000 xrw
FLASH            0x0000000008000000 0x0000000000200000 xr
*default*        0x0000000000000000 0xffffffffffffffff

Linker script and memory map

LOAD C:/ST/STM32CubeIDE_1.4.0/STM32CubeIDE/plugins/com.st.stm32cube.ide.mcu.externaltools.gnu-tools-for-stm32.11.3.rel1.win32_1.1.100.202309141235/tools/bin/../lib/gcc/arm-none-eabi/11.3.1/thumb/v7e-m+fp/hard/crti.o
LOAD C:/ST/STM32CubeIDE_1.4.0/STM32CubeIDE/plugins/com.st.stm32cube.ide.mcu.externaltools.gnu-tools-for-stm32.11.3.rel1.win32_1.1.100.202309141235/tools/bin/../lib/gcc/arm-none-eabi/11.3.1/thumb/v7e-m+fp/hard/crtbegin.o
LOAD C:/ST/STM32CubeIDE_1.4.0/STM32CubeIDE/plugins/com.st.stm32cube.ide.mcu.externaltools.gnu-tools-for-stm32.11.3.rel1.win32_1.1.100.202309141235/tools/bin/../lib/gcc/arm-none-eabi/11.3.1/../../../../arm-none-eabi/lib/thumb/v7e-m+fp/hard/crt0.o
LOAD ./Core/Src/button.o
LOAD ./Core/Src/dc_motor.o
LOAD ./Core/Src/freertos.o
LOAD ./Core/Src/led.o
LOAD ./Core/Src/limit_switch.o
LOAD ./Core/Src/main.o
LOAD ./Core/Src/stm32f4xx_hal_msp.o
LOAD ./Core/Src/stm32f4xx_it.o
LOAD ./Core/Src/syscalls.o
LOAD ./Core/Src/sysmem.o
LOAD ./Core/Src/system_stm32f4xx.o
LOAD ./Core/Startup/startup_stm32f429zitx.o
LOAD ./Drivers/STM32F4xx_HAL_Driver/Src/stm32f4xx_hal.o
LOAD ./Drivers/STM32F4xx_HAL_Driver/Src/stm32f4xx_hal_cortex.o
LOAD ./Drivers/STM32F4xx_HAL_Driver/Src/stm32f4xx_hal_dma.o
LOAD ./Drivers/STM32F4xx_HAL_Driver/Src/stm32f4xx_hal_dma_ex.o
LOAD ./Drivers/STM32F4xx_HAL_Driver/Src/stm32f4xx_hal_exti.o
LOAD ./Drivers/STM32F4xx_HAL_Driver/Src/stm32f4xx_hal_flash.o
LOAD ./Drivers/STM32F4xx_HAL_Driver/Src/stm32f4xx_hal_flash_ex.o
LOAD ./Drivers/STM32F4xx_HAL_Driver/Src/stm32f4xx_hal_flash_ramfunc.o
LOAD ./Drivers/STM32F4xx_HAL_Driver/Src/stm32f4xx_hal_gpio.o
LOAD ./Drivers/STM32F4xx_HAL_Driver/Src/stm32f4xx_hal_pwr.o
LOAD ./Drivers/STM32F4xx_HAL_Driver/Src/stm32f4xx_hal_pwr_ex.o
LOAD ./Drivers/STM32F4xx_HAL_Driver/Src/stm32f4xx_hal_rcc.o
LOAD ./Drivers/STM32F4xx_HAL_Driver/Src/stm32f4xx_hal_rcc_ex.o
LOAD ./Drivers/STM32F4xx_HAL_Driver/Src/stm32f4xx_hal_tim.o
LOAD ./Drivers/STM32F4xx_HAL_Driver/Src/stm32f4xx_hal_tim_ex.o
LOAD ./Middlewares/Third_Party/FreeRTOS/Source/CMSIS_RTOS/cmsis_os.o
LOAD ./Middlewares/Third_Party/FreeRTOS/Source/croutine.o
LOAD ./Middlewares/Third_Party/FreeRTOS/Source/event_groups.o
LOAD ./Middlewares/Third_Party/FreeRTOS/Source/list.o
LOAD ./Middlewares/Third_Party/FreeRTOS/Source/queue.o
LOAD ./Middlewares/Third_Party/FreeRTOS/Source/stream_buffer.o
LOAD ./Middlewares/Third_Party/FreeRTOS/Source/tasks.o
LOAD ./Middlewares/Third_Party/FreeRTOS/Source/timers.o
LOAD ./Middlewares/Third_Party/FreeRTOS/Source/portable/GCC/ARM_CM4F/port.o
LOAD ./Middlewares/Third_Party/FreeRTOS/Source/portable/MemMang/heap_4.o
START GROUP
LOAD C:/ST/STM32CubeIDE_1.4.0/STM32CubeIDE/plugins/com.st.stm32cube.ide.mcu.externaltools.gnu-tools-for-stm32.11.3.rel1.win32_1.1.100.202309141235/tools/bin/../lib/gcc/arm-none-eabi/11.3.1/../../../../arm-none-eabi/lib/thumb/v7e-m+fp/hard\libc_nano.a
LOAD C:/ST/STM32CubeIDE_1.4.0/STM32CubeIDE/plugins/com.st.stm32cube.ide.mcu.externaltools.gnu-tools-for-stm32.11.3.rel1.win32_1.1.100.202309141235/tools/bin/../lib/gcc/arm-none-eabi/11.3.1/../../../../arm-none-eabi/lib/thumb/v7e-m+fp/hard\libm.a
END GROUP
START GROUP
LOAD C:/ST/STM32CubeIDE_1.4.0/STM32CubeIDE/plugins/com.st.stm32cube.ide.mcu.externaltools.gnu-tools-for-stm32.11.3.rel1.win32_1.1.100.202309141235/tools/bin/../lib/gcc/arm-none-eabi/11.3.1/thumb/v7e-m+fp/hard\libgcc.a
LOAD C:/ST/STM32CubeIDE_1.4.0/STM32CubeIDE/plugins/com.st.stm32cube.ide.mcu.externaltools.gnu-tools-for-stm32.11.3.rel1.win32_1.1.100.202309141235/tools/bin/../lib/gcc/arm-none-eabi/11.3.1/../../../../arm-none-eabi/lib/thumb/v7e-m+fp/hard\libc_nano.a
END GROUP
START GROUP
LOAD C:/ST/STM32CubeIDE_1.4.0/STM32CubeIDE/plugins/com.st.stm32cube.ide.mcu.externaltools.gnu-tools-for-stm32.11.3.rel1.win32_1.1.100.202309141235/tools/bin/../lib/gcc/arm-none-eabi/11.3.1/thumb/v7e-m+fp/hard\libgcc.a
LOAD C:/ST/STM32CubeIDE_1.4.0/STM32CubeIDE/plugins/com.st.stm32cube.ide.mcu.externaltools.gnu-tools-for-stm32.11.3.rel1.win32_1.1.100.202309141235/tools/bin/../lib/gcc/arm-none-eabi/11.3.1/../../../../arm-none-eabi/lib/thumb/v7e-m+fp/hard\libc_nano.a
LOAD C:/ST/STM32CubeIDE_1.4.0/STM32CubeIDE/plugins/com.st.stm32cube.ide.mcu.externaltools.gnu-tools-for-stm32.11.3.rel1.win32_1.1.100.202309141235/tools/bin/../lib/gcc/arm-none-eabi/11.3.1/../../../../arm-none-eabi/lib/thumb/v7e-m+fp/hard\libnosys.a
END GROUP
START GROUP
LOAD C:/ST/STM32CubeIDE_1.4.0/STM32CubeIDE/plugins/com.st.stm32cube.ide.mcu.externaltools.gnu-tools-for-stm32.11.3.rel1.win32_1.1.100.202309141235/tools/bin/../lib/gcc/arm-none-eabi/11.3.1/thumb/v7e-m+fp/hard\libgcc.a
LOAD C:/ST/STM32CubeIDE_1.4.0/STM32CubeIDE/plugins/com.st.stm32cube.ide.mcu.externaltools.gnu-tools-for-stm32.11.3.rel1.win32_1.1.100.202309141235/tools/bin/../lib/gcc/arm-none-eabi/11.3.1/../../../../arm-none-eabi/lib/thumb/v7e-m+fp/hard\libc_nano.a
LOAD C:/ST/STM32CubeIDE_1.4.0/STM32CubeIDE/plugins/com.st.stm32cube.ide.mcu.externaltools.gnu-tools-for-stm32.11.3.rel1.win32_1.1.100.202309141235/tools/bin/../lib/gcc/arm-none-eabi/11.3.1/../../../../arm-none-eabi/lib/thumb/v7e-m+fp/hard\libnosys.a
END GROUP
LOAD C:/ST/STM32CubeIDE_1.4.0/STM32CubeIDE/plugins/com.st.stm32cube.ide.mcu.externaltools.gnu-tools-for-stm32.11.3.rel1.win32_1.1.100.202309141235/tools/bin/../lib/gcc/arm-none-eabi/11.3.1/thumb/v7e-m+fp/hard/crtend.o
LOAD C:/ST/STM32CubeIDE_1.4.0/STM32CubeIDE/plugins/com.st.stm32cube.ide.mcu.externaltools.gnu-tools-for-stm32.11.3.rel1.win32_1.1.100.202309141235/tools/bin/../lib/gcc/arm-none-eabi/11.3.1/thumb/v7e-m+fp/hard/crtn.o
                0x0000000020030000                _estack = (ORIGIN (RAM) + LENGTH (RAM))
                0x0000000000000200                _Min_Heap_Size = 0x200
                0x0000000000000400                _Min_Stack_Size = 0x400

.isr_vector     0x0000000008000000      0x1ac
                0x0000000008000000                . = ALIGN (0x4)
 *(.isr_vector)
 .isr_vector    0x0000000008000000      0x1ac ./Core/Startup/startup_stm32f429zitx.o
                0x0000000008000000                g_pfnVectors
                0x00000000080001ac                . = ALIGN (0x4)

.text           0x00000000080001b0     0x47d8
                0x00000000080001b0                . = ALIGN (0x4)
 *(.text)
 .text          0x00000000080001b0       0x40 C:/ST/STM32CubeIDE_1.4.0/STM32CubeIDE/plugins/com.st.stm32cube.ide.mcu.externaltools.gnu-tools-for-stm32.11.3.rel1.win32_1.1.100.202309141235/tools/bin/../lib/gcc/arm-none-eabi/11.3.1/thumb/v7e-m+fp/hard/crtbegin.o
 .text          0x00000000080001f0       0x30 C:/ST/STM32CubeIDE_1.4.0/STM32CubeIDE/plugins/com.st.stm32cube.ide.mcu.externaltools.gnu-tools-for-stm32.11.3.rel1.win32_1.1.100.202309141235/tools/bin/../lib/gcc/arm-none-eabi/11.3.1/thumb/v7e-m+fp/hard\libgcc.a(_aeabi_uldivmod.o)
                0x00000000080001f0                __aeabi_uldivmod
 .text          0x0000000008000220      0x2c8 C:/ST/STM32CubeIDE_1.4.0/STM32CubeIDE/plugins/com.st.stm32cube.ide.mcu.externaltools.gnu-tools-for-stm32.11.3.rel1.win32_1.1.100.202309141235/tools/bin/../lib/gcc/arm-none-eabi/11.3.1/thumb/v7e-m+fp/hard\libgcc.a(_udivmoddi4.o)
                0x0000000008000220                __udivmoddi4
 .text          0x00000000080004e8        0x4 C:/ST/STM32CubeIDE_1.4.0/STM32CubeIDE/plugins/com.st.stm32cube.ide.mcu.externaltools.gnu-tools-for-stm32.11.3.rel1.win32_1.1.100.202309141235/tools/bin/../lib/gcc/arm-none-eabi/11.3.1/thumb/v7e-m+fp/hard\libgcc.a(_dvmd_tls.o)
                0x00000000080004e8                __aeabi_idiv0
                0x00000000080004e8                __aeabi_ldiv0
 *(.text*)
 .text.BUTTON_Init
                0x00000000080004ec       0x4a ./Core/Src/button.o
                0x00000000080004ec                BUTTON_Init
 .text.BUTTON_IsPressed
                0x0000000008000536       0x36 ./Core/Src/button.o
                0x0000000008000536                BUTTON_IsPressed
 .text.DcMotor_Init
                0x000000000800056c       0x70 ./Core/Src/dc_motor.o
                0x000000000800056c                DcMotor_Init
 .text.DcMotor_Rotate
                0x00000000080005dc       0x78 ./Core/Src/dc_motor.o
                0x00000000080005dc                DcMotor_Rotate
 .text.vApplicationGetIdleTaskMemory
                0x0000000008000654       0x34 ./Core/Src/freertos.o
                0x0000000008000654                vApplicationGetIdleTaskMemory
 .text.LED_Init
                0x0000000008000688       0x5a ./Core/Src/led.o
                0x0000000008000688                LED_Init
 .text.LED_Output
                0x00000000080006e2       0x2c ./Core/Src/led.o
                0x00000000080006e2                LED_Output
 .text.LimitSwitch_Init
                0x000000000800070e       0x4a ./Core/Src/limit_switch.o
                0x000000000800070e                LimitSwitch_Init
 .text.LimitSwitch_IsPressed
                0x0000000008000758       0x2c ./Core/Src/limit_switch.o
                0x0000000008000758                LimitSwitch_IsPressed
 .text.main     0x0000000008000784      0x218 ./Core/Src/main.o
                0x0000000008000784                main
 .text.PWC_motorControl
                0x000000000800099c       0x40 ./Core/Src/main.o
                0x000000000800099c                PWC_motorControl
 .text.LockPassengerTask
                0x00000000080009dc       0x6c ./Core/Src/main.o
                0x00000000080009dc                LockPassengerTask
 .text.JamTask  0x0000000008000a48       0x3c ./Core/Src/main.o
                0x0000000008000a48                JamTask
 .text.receiveQueue
                0x0000000008000a84       0x2c ./Core/Src/main.o
                0x0000000008000a84                receiveQueue
 .text.DriverTask
                0x0000000008000ab0      0x144 ./Core/Src/main.o
                0x0000000008000ab0                DriverTask
 .text.PassengerTask
                0x0000000008000bf4      0x144 ./Core/Src/main.o
                0x0000000008000bf4                PassengerTask
 .text.EXTI_Initialization
                0x0000000008000d38       0x50 ./Core/Src/main.o
                0x0000000008000d38                EXTI_Initialization
 .text.EXTI2_IRQHandler
                0x0000000008000d88       0x18 ./Core/Src/main.o
                0x0000000008000d88                EXTI2_IRQHandler
 .text.EXTI3_IRQHandler
                0x0000000008000da0       0x18 ./Core/Src/main.o
                0x0000000008000da0                EXTI3_IRQHandler
 .text.HAL_GPIO_EXTI_Callback
                0x0000000008000db8       0x80 ./Core/Src/main.o
                0x0000000008000db8                HAL_GPIO_EXTI_Callback
 .text.MX_NVIC_Init
                0x0000000008000e38       0x28 ./Core/Src/main.o
 .text.SystemClock_Config
                0x0000000008000e60       0xc0 ./Core/Src/main.o
                0x0000000008000e60                SystemClock_Config
 .text.MX_GPIO_Init
                0x0000000008000f20       0x6c ./Core/Src/main.o
 .text.StartDefaultTask
                0x0000000008000f8c       0x10 ./Core/Src/main.o
                0x0000000008000f8c                StartDefaultTask
 .text.Error_Handler
                0x0000000008000f9c        0xa ./Core/Src/main.o
                0x0000000008000f9c                Error_Handler
 *fill*         0x0000000008000fa6        0x2 
 .text.HAL_MspInit
                0x0000000008000fa8       0x58 ./Core/Src/stm32f4xx_hal_msp.o
                0x0000000008000fa8                HAL_MspInit
 .text.NMI_Handler
                0x0000000008001000        0x6 ./Core/Src/stm32f4xx_it.o
                0x0000000008001000                NMI_Handler
 .text.HardFault_Handler
                0x0000000008001006        0x6 ./Core/Src/stm32f4xx_it.o
                0x0000000008001006                HardFault_Handler
 .text.MemManage_Handler
                0x000000000800100c        0x6 ./Core/Src/stm32f4xx_it.o
                0x000000000800100c                MemManage_Handler
 .text.BusFault_Handler
                0x0000000008001012        0x6 ./Core/Src/stm32f4xx_it.o
                0x0000000008001012                BusFault_Handler
 .text.UsageFault_Handler
                0x0000000008001018        0x6 ./Core/Src/stm32f4xx_it.o
                0x0000000008001018                UsageFault_Handler
 .text.DebugMon_Handler
                0x000000000800101e        0xe ./Core/Src/stm32f4xx_it.o
                0x000000000800101e                DebugMon_Handler
 .text.SysTick_Handler
                0x000000000800102c       0x1a ./Core/Src/stm32f4xx_it.o
                0x000000000800102c                SysTick_Handler
 *fill*         0x0000000008001046        0x2 
 .text.SystemInit
                0x0000000008001048       0x24 ./Core/Src/system_stm32f4xx.o
                0x0000000008001048                SystemInit
 .text.Reset_Handler
                0x000000000800106c       0x50 ./Core/Startup/startup_stm32f429zitx.o
                0x000000000800106c                Reset_Handler
 .text.Default_Handler
                0x00000000080010bc        0x2 ./Core/Startup/startup_stm32f429zitx.o
                0x00000000080010bc                RTC_Alarm_IRQHandler
                0x00000000080010bc                HASH_RNG_IRQHandler
                0x00000000080010bc                TIM8_CC_IRQHandler
                0x00000000080010bc                UART8_IRQHandler
                0x00000000080010bc                SPI4_IRQHandler
                0x00000000080010bc                TIM1_CC_IRQHandler
                0x00000000080010bc                DMA2_Stream5_IRQHandler
                0x00000000080010bc                DMA1_Stream5_IRQHandler
                0x00000000080010bc                PVD_IRQHandler
                0x00000000080010bc                SDIO_IRQHandler
                0x00000000080010bc                TAMP_STAMP_IRQHandler
                0x00000000080010bc                CAN2_RX1_IRQHandler
                0x00000000080010bc                TIM8_TRG_COM_TIM14_IRQHandler
                0x00000000080010bc                TIM1_UP_TIM10_IRQHandler
                0x00000000080010bc                TIM8_UP_TIM13_IRQHandler
                0x00000000080010bc                I2C3_ER_IRQHandler
                0x00000000080010bc                EXTI0_IRQHandler
                0x00000000080010bc                I2C2_EV_IRQHandler
                0x00000000080010bc                DMA1_Stream2_IRQHandler
                0x00000000080010bc                CAN1_RX0_IRQHandler
                0x00000000080010bc                FPU_IRQHandler
                0x00000000080010bc                OTG_HS_WKUP_IRQHandler
                0x00000000080010bc                LTDC_ER_IRQHandler
                0x00000000080010bc                CAN2_SCE_IRQHandler
                0x00000000080010bc                DMA2_Stream2_IRQHandler
                0x00000000080010bc                SPI1_IRQHandler
                0x00000000080010bc                TIM6_DAC_IRQHandler
                0x00000000080010bc                TIM1_BRK_TIM9_IRQHandler
                0x00000000080010bc                DCMI_IRQHandler
                0x00000000080010bc                CAN2_RX0_IRQHandler
                0x00000000080010bc                DMA2_Stream3_IRQHandler
                0x00000000080010bc                USART6_IRQHandler
                0x00000000080010bc                USART3_IRQHandler
                0x00000000080010bc                CAN1_RX1_IRQHandler
                0x00000000080010bc                UART5_IRQHandler
                0x00000000080010bc                DMA2_Stream0_IRQHandler
                0x00000000080010bc                TIM4_IRQHandler
                0x00000000080010bc                I2C1_EV_IRQHandler
                0x00000000080010bc                DMA1_Stream6_IRQHandler
                0x00000000080010bc                DMA1_Stream1_IRQHandler
                0x00000000080010bc                UART4_IRQHandler
                0x00000000080010bc                TIM3_IRQHandler
                0x00000000080010bc                RCC_IRQHandler
                0x00000000080010bc                TIM8_BRK_TIM12_IRQHandler
                0x00000000080010bc                Default_Handler
                0x00000000080010bc                EXTI15_10_IRQHandler
                0x00000000080010bc                ADC_IRQHandler
                0x00000000080010bc                DMA1_Stream7_IRQHandler
                0x00000000080010bc                SPI5_IRQHandler
                0x00000000080010bc                TIM7_IRQHandler
                0x00000000080010bc                CAN2_TX_IRQHandler
                0x00000000080010bc                TIM5_IRQHandler
                0x00000000080010bc                DMA2_Stream7_IRQHandler
                0x00000000080010bc                I2C3_EV_IRQHandler
                0x00000000080010bc                EXTI9_5_IRQHandler
                0x00000000080010bc                RTC_WKUP_IRQHandler
                0x00000000080010bc                LTDC_IRQHandler
                0x00000000080010bc                ETH_WKUP_IRQHandler
                0x00000000080010bc                SPI2_IRQHandler
                0x00000000080010bc                OTG_HS_EP1_IN_IRQHandler
                0x00000000080010bc                DMA1_Stream0_IRQHandler
                0x00000000080010bc                CAN1_TX_IRQHandler
                0x00000000080010bc                EXTI4_IRQHandler
                0x00000000080010bc                ETH_IRQHandler
                0x00000000080010bc                OTG_HS_EP1_OUT_IRQHandler
                0x00000000080010bc                WWDG_IRQHandler
                0x00000000080010bc                SPI6_IRQHandler
                0x00000000080010bc                TIM2_IRQHandler
                0x00000000080010bc                OTG_FS_WKUP_IRQHandler
                0x00000000080010bc                TIM1_TRG_COM_TIM11_IRQHandler
                0x00000000080010bc                OTG_HS_IRQHandler
                0x00000000080010bc                DMA2D_IRQHandler
                0x00000000080010bc                EXTI1_IRQHandler
                0x00000000080010bc                UART7_IRQHandler
                0x00000000080010bc                USART2_IRQHandler
                0x00000000080010bc                I2C2_ER_IRQHandler
                0x00000000080010bc                DMA2_Stream1_IRQHandler
                0x00000000080010bc                CAN1_SCE_IRQHandler
                0x00000000080010bc                FLASH_IRQHandler
                0x00000000080010bc                DMA2_Stream4_IRQHandler
                0x00000000080010bc                USART1_IRQHandler
                0x00000000080010bc                OTG_FS_IRQHandler
                0x00000000080010bc                SPI3_IRQHandler
                0x00000000080010bc                DMA1_Stream4_IRQHandler
                0x00000000080010bc                I2C1_ER_IRQHandler
                0x00000000080010bc                FMC_IRQHandler
                0x00000000080010bc                DMA2_Stream6_IRQHandler
                0x00000000080010bc                SAI1_IRQHandler
                0x00000000080010bc                DMA1_Stream3_IRQHandler
 *fill*         0x00000000080010be        0x2 
 .text.HAL_Init
                0x00000000080010c0       0x44 ./Drivers/STM32F4xx_HAL_Driver/Src/stm32f4xx_hal.o
                0x00000000080010c0                HAL_Init
 .text.HAL_InitTick
                0x0000000008001104       0x60 ./Drivers/STM32F4xx_HAL_Driver/Src/stm32f4xx_hal.o
                0x0000000008001104                HAL_InitTick
 .text.HAL_IncTick
                0x0000000008001164       0x28 ./Drivers/STM32F4xx_HAL_Driver/Src/stm32f4xx_hal.o
                0x0000000008001164                HAL_IncTick
 .text.HAL_GetTick
                0x000000000800118c       0x18 ./Drivers/STM32F4xx_HAL_Driver/Src/stm32f4xx_hal.o
                0x000000000800118c                HAL_GetTick
 .text.HAL_Delay
                0x00000000080011a4       0x48 ./Drivers/STM32F4xx_HAL_Driver/Src/stm32f4xx_hal.o
                0x00000000080011a4                HAL_Delay
 .text.__NVIC_SetPriorityGrouping
                0x00000000080011ec       0x48 ./Drivers/STM32F4xx_HAL_Driver/Src/stm32f4xx_hal_cortex.o
 .text.__NVIC_GetPriorityGrouping
                0x0000000008001234       0x1c ./Drivers/STM32F4xx_HAL_Driver/Src/stm32f4xx_hal_cortex.o
 .text.__NVIC_EnableIRQ
                0x0000000008001250       0x3c ./Drivers/STM32F4xx_HAL_Driver/Src/stm32f4xx_hal_cortex.o
 .text.__NVIC_SetPriority
                0x000000000800128c       0x54 ./Drivers/STM32F4xx_HAL_Driver/Src/stm32f4xx_hal_cortex.o
 .text.NVIC_EncodePriority
                0x00000000080012e0       0x66 ./Drivers/STM32F4xx_HAL_Driver/Src/stm32f4xx_hal_cortex.o
 *fill*         0x0000000008001346        0x2 
 .text.SysTick_Config
                0x0000000008001348       0x44 ./Drivers/STM32F4xx_HAL_Driver/Src/stm32f4xx_hal_cortex.o
 .text.HAL_NVIC_SetPriorityGrouping
                0x000000000800138c       0x16 ./Drivers/STM32F4xx_HAL_Driver/Src/stm32f4xx_hal_cortex.o
                0x000000000800138c                HAL_NVIC_SetPriorityGrouping
 .text.HAL_NVIC_SetPriority
                0x00000000080013a2       0x38 ./Drivers/STM32F4xx_HAL_Driver/Src/stm32f4xx_hal_cortex.o
                0x00000000080013a2                HAL_NVIC_SetPriority
 .text.HAL_NVIC_EnableIRQ
                0x00000000080013da       0x1c ./Drivers/STM32F4xx_HAL_Driver/Src/stm32f4xx_hal_cortex.o
                0x00000000080013da                HAL_NVIC_EnableIRQ
 .text.HAL_SYSTICK_Config
                0x00000000080013f6       0x18 ./Drivers/STM32F4xx_HAL_Driver/Src/stm32f4xx_hal_cortex.o
                0x00000000080013f6                HAL_SYSTICK_Config
 *fill*         0x000000000800140e        0x2 
 .text.HAL_EXTI_SetConfigLine
                0x0000000008001410      0x150 ./Drivers/STM32F4xx_HAL_Driver/Src/stm32f4xx_hal_exti.o
                0x0000000008001410                HAL_EXTI_SetConfigLine
 .text.HAL_EXTI_IRQHandler
                0x0000000008001560       0x48 ./Drivers/STM32F4xx_HAL_Driver/Src/stm32f4xx_hal_exti.o
                0x0000000008001560                HAL_EXTI_IRQHandler
 .text.HAL_GPIO_Init
                0x00000000080015a8      0x358 ./Drivers/STM32F4xx_HAL_Driver/Src/stm32f4xx_hal_gpio.o
                0x00000000080015a8                HAL_GPIO_Init
 .text.HAL_GPIO_ReadPin
                0x0000000008001900       0x30 ./Drivers/STM32F4xx_HAL_Driver/Src/stm32f4xx_hal_gpio.o
                0x0000000008001900                HAL_GPIO_ReadPin
 .text.HAL_GPIO_WritePin
                0x0000000008001930       0x32 ./Drivers/STM32F4xx_HAL_Driver/Src/stm32f4xx_hal_gpio.o
                0x0000000008001930                HAL_GPIO_WritePin
 *fill*         0x0000000008001962        0x2 
 .text.HAL_GPIO_EXTI_IRQHandler
                0x0000000008001964       0x30 ./Drivers/STM32F4xx_HAL_Driver/Src/stm32f4xx_hal_gpio.o
                0x0000000008001964                HAL_GPIO_EXTI_IRQHandler
 .text.HAL_RCC_OscConfig
                0x0000000008001994      0x4f0 ./Drivers/STM32F4xx_HAL_Driver/Src/stm32f4xx_hal_rcc.o
                0x0000000008001994                HAL_RCC_OscConfig
 .text.HAL_RCC_ClockConfig
                0x0000000008001e84      0x1cc ./Drivers/STM32F4xx_HAL_Driver/Src/stm32f4xx_hal_rcc.o
                0x0000000008001e84                HAL_RCC_ClockConfig
 .text.HAL_RCC_GetSysClockFreq
                0x0000000008002050      0x18c ./Drivers/STM32F4xx_HAL_Driver/Src/stm32f4xx_hal_rcc.o
                0x0000000008002050                HAL_RCC_GetSysClockFreq
 .text.makeFreeRtosPriority
                0x00000000080021dc       0x30 ./Middlewares/Third_Party/FreeRTOS/Source/CMSIS_RTOS/cmsis_os.o
 .text.osKernelStart
                0x000000000800220c        0xe ./Middlewares/Third_Party/FreeRTOS/Source/CMSIS_RTOS/cmsis_os.o
                0x000000000800220c                osKernelStart
 .text.osThreadCreate
                0x000000000800221a       0x98 ./Middlewares/Third_Party/FreeRTOS/Source/CMSIS_RTOS/cmsis_os.o
                0x000000000800221a                osThreadCreate
 .text.osDelay  0x00000000080022b2       0x28 ./Middlewares/Third_Party/FreeRTOS/Source/CMSIS_RTOS/cmsis_os.o
                0x00000000080022b2                osDelay
 .text.vListInitialise
                0x00000000080022da       0x40 ./Middlewares/Third_Party/FreeRTOS/Source/list.o
                0x00000000080022da                vListInitialise
 .text.vListInitialiseItem
                0x000000000800231a       0x1a ./Middlewares/Third_Party/FreeRTOS/Source/list.o
                0x000000000800231a                vListInitialiseItem
 .text.vListInsertEnd
                0x0000000008002334       0x48 ./Middlewares/Third_Party/FreeRTOS/Source/list.o
                0x0000000008002334                vListInsertEnd
 .text.vListInsert
                0x000000000800237c       0x72 ./Middlewares/Third_Party/FreeRTOS/Source/list.o
                0x000000000800237c                vListInsert
 .text.uxListRemove
                0x00000000080023ee       0x54 ./Middlewares/Third_Party/FreeRTOS/Source/list.o
                0x00000000080023ee                uxListRemove
 *fill*         0x0000000008002442        0x2 
 .text.xQueueGenericReset
                0x0000000008002444       0xd0 ./Middlewares/Third_Party/FreeRTOS/Source/queue.o
                0x0000000008002444                xQueueGenericReset
 .text.xQueueGenericCreate
                0x0000000008002514       0x74 ./Middlewares/Third_Party/FreeRTOS/Source/queue.o
                0x0000000008002514                xQueueGenericCreate
 .text.prvInitialiseNewQueue
                0x0000000008002588       0x3e ./Middlewares/Third_Party/FreeRTOS/Source/queue.o
 .text.prvInitialiseMutex
                0x00000000080025c6       0x34 ./Middlewares/Third_Party/FreeRTOS/Source/queue.o
 .text.xQueueCreateMutex
                0x00000000080025fa       0x30 ./Middlewares/Third_Party/FreeRTOS/Source/queue.o
                0x00000000080025fa                xQueueCreateMutex
 *fill*         0x000000000800262a        0x2 
 .text.xQueueGenericSend
                0x000000000800262c      0x1fc ./Middlewares/Third_Party/FreeRTOS/Source/queue.o
                0x000000000800262c                xQueueGenericSend
 .text.xQueueGiveFromISR
                0x0000000008002828      0x11a ./Middlewares/Third_Party/FreeRTOS/Source/queue.o
                0x0000000008002828                xQueueGiveFromISR
 *fill*         0x0000000008002942        0x2 
 .text.xQueueReceive
                0x0000000008002944      0x1c0 ./Middlewares/Third_Party/FreeRTOS/Source/queue.o
                0x0000000008002944                xQueueReceive
 .text.xQueueSemaphoreTake
                0x0000000008002b04      0x218 ./Middlewares/Third_Party/FreeRTOS/Source/queue.o
                0x0000000008002b04                xQueueSemaphoreTake
 .text.prvGetDisinheritPriorityAfterTimeout
                0x0000000008002d1c       0x30 ./Middlewares/Third_Party/FreeRTOS/Source/queue.o
 .text.prvCopyDataToQueue
                0x0000000008002d4c       0xd4 ./Middlewares/Third_Party/FreeRTOS/Source/queue.o
 .text.prvCopyDataFromQueue
                0x0000000008002e20       0x4c ./Middlewares/Third_Party/FreeRTOS/Source/queue.o
 .text.prvUnlockQueue
                0x0000000008002e6c       0xa4 ./Middlewares/Third_Party/FreeRTOS/Source/queue.o
 .text.prvIsQueueEmpty
                0x0000000008002f10       0x2c ./Middlewares/Third_Party/FreeRTOS/Source/queue.o
 .text.prvIsQueueFull
                0x0000000008002f3c       0x30 ./Middlewares/Third_Party/FreeRTOS/Source/queue.o
 .text.xTaskCreateStatic
                0x0000000008002f6c       0xba ./Middlewares/Third_Party/FreeRTOS/Source/tasks.o
                0x0000000008002f6c                xTaskCreateStatic
 .text.xTaskCreate
                0x0000000008003026       0x8a ./Middlewares/Third_Party/FreeRTOS/Source/tasks.o
                0x0000000008003026                xTaskCreate
 .text.prvInitialiseNewTask
                0x00000000080030b0      0x10e ./Middlewares/Third_Party/FreeRTOS/Source/tasks.o
 *fill*         0x00000000080031be        0x2 
 .text.prvAddNewTaskToReadyList
                0x00000000080031c0       0xd4 ./Middlewares/Third_Party/FreeRTOS/Source/tasks.o
 .text.vTaskDelay
                0x0000000008003294       0x68 ./Middlewares/Third_Party/FreeRTOS/Source/tasks.o
                0x0000000008003294                vTaskDelay
 .text.vTaskPrioritySet
                0x00000000080032fc      0x154 ./Middlewares/Third_Party/FreeRTOS/Source/tasks.o
                0x00000000080032fc                vTaskPrioritySet
 .text.vTaskStartScheduler
                0x0000000008003450       0xc0 ./Middlewares/Third_Party/FreeRTOS/Source/tasks.o
                0x0000000008003450                vTaskStartScheduler
 .text.vTaskSuspendAll
                0x0000000008003510       0x1c ./Middlewares/Third_Party/FreeRTOS/Source/tasks.o
                0x0000000008003510                vTaskSuspendAll
 .text.xTaskResumeAll
                0x000000000800352c      0x138 ./Middlewares/Third_Party/FreeRTOS/Source/tasks.o
                0x000000000800352c                xTaskResumeAll
 .text.xTaskIncrementTick
                0x0000000008003664      0x170 ./Middlewares/Third_Party/FreeRTOS/Source/tasks.o
                0x0000000008003664                xTaskIncrementTick
 .text.vTaskSwitchContext
                0x00000000080037d4       0xb8 ./Middlewares/Third_Party/FreeRTOS/Source/tasks.o
                0x00000000080037d4                vTaskSwitchContext
 .text.vTaskPlaceOnEventList
                0x000000000800388c       0x48 ./Middlewares/Third_Party/FreeRTOS/Source/tasks.o
                0x000000000800388c                vTaskPlaceOnEventList
 .text.xTaskRemoveFromEventList
                0x00000000080038d4       0xc4 ./Middlewares/Third_Party/FreeRTOS/Source/tasks.o
                0x00000000080038d4                xTaskRemoveFromEventList
 .text.vTaskInternalSetTimeOutState
                0x0000000008003998       0x2c ./Middlewares/Third_Party/FreeRTOS/Source/tasks.o
                0x0000000008003998                vTaskInternalSetTimeOutState
 .text.xTaskCheckForTimeOut
                0x00000000080039c4       0xc4 ./Middlewares/Third_Party/FreeRTOS/Source/tasks.o
                0x00000000080039c4                xTaskCheckForTimeOut
 .text.vTaskMissedYield
                0x0000000008003a88       0x18 ./Middlewares/Third_Party/FreeRTOS/Source/tasks.o
                0x0000000008003a88                vTaskMissedYield
 .text.prvIdleTask
                0x0000000008003aa0       0x30 ./Middlewares/Third_Party/FreeRTOS/Source/tasks.o
 .text.prvInitialiseTaskLists
                0x0000000008003ad0       0x80 ./Middlewares/Third_Party/FreeRTOS/Source/tasks.o
 .text.prvCheckTasksWaitingTermination
                0x0000000008003b50       0x5c ./Middlewares/Third_Party/FreeRTOS/Source/tasks.o
 .text.prvDeleteTCB
                0x0000000008003bac       0x5e ./Middlewares/Third_Party/FreeRTOS/Source/tasks.o
 *fill*         0x0000000008003c0a        0x2 
 .text.prvResetNextTaskUnblockTime
                0x0000000008003c0c       0x40 ./Middlewares/Third_Party/FreeRTOS/Source/tasks.o
 .text.xTaskGetSchedulerState
                0x0000000008003c4c       0x3c ./Middlewares/Third_Party/FreeRTOS/Source/tasks.o
                0x0000000008003c4c                xTaskGetSchedulerState
 .text.xTaskPriorityInherit
                0x0000000008003c88       0xec ./Middlewares/Third_Party/FreeRTOS/Source/tasks.o
                0x0000000008003c88                xTaskPriorityInherit
 .text.xTaskPriorityDisinherit
                0x0000000008003d74      0x10c ./Middlewares/Third_Party/FreeRTOS/Source/tasks.o
                0x0000000008003d74                xTaskPriorityDisinherit
 .text.vTaskPriorityDisinheritAfterTimeout
                0x0000000008003e80      0x11c ./Middlewares/Third_Party/FreeRTOS/Source/tasks.o
                0x0000000008003e80                vTaskPriorityDisinheritAfterTimeout
 .text.pvTaskIncrementMutexHeldCount
                0x0000000008003f9c       0x28 ./Middlewares/Third_Party/FreeRTOS/Source/tasks.o
                0x0000000008003f9c                pvTaskIncrementMutexHeldCount
 .text.prvAddCurrentTaskToDelayedList
                0x0000000008003fc4       0xcc ./Middlewares/Third_Party/FreeRTOS/Source/tasks.o
 .text.pxPortInitialiseStack
                0x0000000008004090       0x68 ./Middlewares/Third_Party/FreeRTOS/Source/portable/GCC/ARM_CM4F/port.o
                0x0000000008004090                pxPortInitialiseStack
 .text.prvTaskExitError
                0x00000000080040f8       0x58 ./Middlewares/Third_Party/FreeRTOS/Source/portable/GCC/ARM_CM4F/port.o
 .text.SVC_Handler
                0x0000000008004150       0x28 ./Middlewares/Third_Party/FreeRTOS/Source/portable/GCC/ARM_CM4F/port.o
                0x0000000008004150                SVC_Handler
 .text.prvPortStartFirstTask
                0x0000000008004178       0x28 ./Middlewares/Third_Party/FreeRTOS/Source/portable/GCC/ARM_CM4F/port.o
 .text.xPortStartScheduler
                0x00000000080041a0      0x144 ./Middlewares/Third_Party/FreeRTOS/Source/portable/GCC/ARM_CM4F/port.o
                0x00000000080041a0                xPortStartScheduler
 .text.vPortEnterCritical
                0x00000000080042e4       0x60 ./Middlewares/Third_Party/FreeRTOS/Source/portable/GCC/ARM_CM4F/port.o
                0x00000000080042e4                vPortEnterCritical
 .text.vPortExitCritical
                0x0000000008004344       0x54 ./Middlewares/Third_Party/FreeRTOS/Source/portable/GCC/ARM_CM4F/port.o
                0x0000000008004344                vPortExitCritical
 *fill*         0x0000000008004398        0x8 
 .text.PendSV_Handler
                0x00000000080043a0       0x68 ./Middlewares/Third_Party/FreeRTOS/Source/portable/GCC/ARM_CM4F/port.o
                0x00000000080043a0                PendSV_Handler
 .text.xPortSysTickHandler
                0x0000000008004408       0x44 ./Middlewares/Third_Party/FreeRTOS/Source/portable/GCC/ARM_CM4F/port.o
                0x0000000008004408                xPortSysTickHandler
 .text.vPortSetupTimerInterrupt
                0x000000000800444c       0x48 ./Middlewares/Third_Party/FreeRTOS/Source/portable/GCC/ARM_CM4F/port.o
                0x000000000800444c                vPortSetupTimerInterrupt
 .text.vPortEnableVFP
                0x0000000008004494       0x14 ./Middlewares/Third_Party/FreeRTOS/Source/portable/GCC/ARM_CM4F/port.o
 .text.vPortValidateInterruptPriority
                0x00000000080044a8       0x80 ./Middlewares/Third_Party/FreeRTOS/Source/portable/GCC/ARM_CM4F/port.o
                0x00000000080044a8                vPortValidateInterruptPriority
 .text.pvPortMalloc
                0x0000000008004528      0x198 ./Middlewares/Third_Party/FreeRTOS/Source/portable/MemMang/heap_4.o
                0x0000000008004528                pvPortMalloc
 .text.vPortFree
                0x00000000080046c0       0xc4 ./Middlewares/Third_Party/FreeRTOS/Source/portable/MemMang/heap_4.o
                0x00000000080046c0                vPortFree
 .text.prvHeapInit
                0x0000000008004784       0xc4 ./Middlewares/Third_Party/FreeRTOS/Source/portable/MemMang/heap_4.o
 .text.prvInsertBlockIntoFreeList
                0x0000000008004848       0xb4 ./Middlewares/Third_Party/FreeRTOS/Source/portable/MemMang/heap_4.o
 .text.memset   0x00000000080048fc       0x10 C:/ST/STM32CubeIDE_1.4.0/STM32CubeIDE/plugins/com.st.stm32cube.ide.mcu.externaltools.gnu-tools-for-stm32.11.3.rel1.win32_1.1.100.202309141235/tools/bin/../lib/gcc/arm-none-eabi/11.3.1/../../../../arm-none-eabi/lib/thumb/v7e-m+fp/hard\libc_nano.a(libc_a-memset.o)
                0x00000000080048fc                memset
 .text.__libc_init_array
                0x000000000800490c       0x48 C:/ST/STM32CubeIDE_1.4.0/STM32CubeIDE/plugins/com.st.stm32cube.ide.mcu.externaltools.gnu-tools-for-stm32.11.3.rel1.win32_1.1.100.202309141235/tools/bin/../lib/gcc/arm-none-eabi/11.3.1/../../../../arm-none-eabi/lib/thumb/v7e-m+fp/hard\libc_nano.a(libc_a-init.o)
                0x000000000800490c                __libc_init_array
 .text.memcpy   0x0000000008004954       0x1c C:/ST/STM32CubeIDE_1.4.0/STM32CubeIDE/plugins/com.st.stm32cube.ide.mcu.externaltools.gnu-tools-for-stm32.11.3.rel1.win32_1.1.100.202309141235/tools/bin/../lib/gcc/arm-none-eabi/11.3.1/../../../../arm-none-eabi/lib/thumb/v7e-m+fp/hard\libc_nano.a(libc_a-memcpy-stub.o)
                0x0000000008004954                memcpy
 *(.glue_7)
 .glue_7        0x0000000008004970        0x0 linker stubs
 *(.glue_7t)
 .glue_7t       0x0000000008004970        0x0 linker stubs
 *(.eh_frame)
 .eh_frame      0x0000000008004970        0x0 C:/ST/STM32CubeIDE_1.4.0/STM32CubeIDE/plugins/com.st.stm32cube.ide.mcu.externaltools.gnu-tools-for-stm32.11.3.rel1.win32_1.1.100.202309141235/tools/bin/../lib/gcc/arm-none-eabi/11.3.1/thumb/v7e-m+fp/hard/crtbegin.o
 *(.init)
 .init          0x0000000008004970        0x4 C:/ST/STM32CubeIDE_1.4.0/STM32CubeIDE/plugins/com.st.stm32cube.ide.mcu.externaltools.gnu-tools-for-stm32.11.3.rel1.win32_1.1.100.202309141235/tools/bin/../lib/gcc/arm-none-eabi/11.3.1/thumb/v7e-m+fp/hard/crti.o
                0x0000000008004970                _init
 .init          0x0000000008004974        0x8 C:/ST/STM32CubeIDE_1.4.0/STM32CubeIDE/plugins/com.st.stm32cube.ide.mcu.externaltools.gnu-tools-for-stm32.11.3.rel1.win32_1.1.100.202309141235/tools/bin/../lib/gcc/arm-none-eabi/11.3.1/thumb/v7e-m+fp/hard/crtn.o
 *(.fini)
 .fini          0x000000000800497c        0x4 C:/ST/STM32CubeIDE_1.4.0/STM32CubeIDE/plugins/com.st.stm32cube.ide.mcu.externaltools.gnu-tools-for-stm32.11.3.rel1.win32_1.1.100.202309141235/tools/bin/../lib/gcc/arm-none-eabi/11.3.1/thumb/v7e-m+fp/hard/crti.o
                0x000000000800497c                _fini
 .fini          0x0000000008004980        0x8 C:/ST/STM32CubeIDE_1.4.0/STM32CubeIDE/plugins/com.st.stm32cube.ide.mcu.externaltools.gnu-tools-for-stm32.11.3.rel1.win32_1.1.100.202309141235/tools/bin/../lib/gcc/arm-none-eabi/11.3.1/thumb/v7e-m+fp/hard/crtn.o
                0x0000000008004988                . = ALIGN (0x4)
                0x0000000008004988                _etext = .

.vfp11_veneer   0x0000000008004988        0x0
 .vfp11_veneer  0x0000000008004988        0x0 linker stubs

.v4_bx          0x0000000008004988        0x0
 .v4_bx         0x0000000008004988        0x0 linker stubs

.iplt           0x0000000008004988        0x0
 .iplt          0x0000000008004988        0x0 C:/ST/STM32CubeIDE_1.4.0/STM32CubeIDE/plugins/com.st.stm32cube.ide.mcu.externaltools.gnu-tools-for-stm32.11.3.rel1.win32_1.1.100.202309141235/tools/bin/../lib/gcc/arm-none-eabi/11.3.1/thumb/v7e-m+fp/hard/crtbegin.o

.rodata         0x0000000008004988       0x78
                0x0000000008004988                . = ALIGN (0x4)
 *(.rodata)
 .rodata        0x0000000008004988       0x60 ./Core/Src/main.o
 .rodata        0x00000000080049e8        0x5 ./Middlewares/Third_Party/FreeRTOS/Source/tasks.o
 *(.rodata*)
 *fill*         0x00000000080049ed        0x3 
 .rodata.AHBPrescTable
                0x00000000080049f0       0x10 ./Core/Src/system_stm32f4xx.o
                0x00000000080049f0                AHBPrescTable
                0x0000000008004a00                . = ALIGN (0x4)

.ARM.extab      0x0000000008004a00        0x0
                0x0000000008004a00                . = ALIGN (0x4)
 *(.ARM.extab* .gnu.linkonce.armextab.*)
                0x0000000008004a00                . = ALIGN (0x4)

.ARM            0x0000000008004a00        0x8
                0x0000000008004a00                . = ALIGN (0x4)
                0x0000000008004a00                __exidx_start = .
 *(.ARM.exidx*)
 .ARM.exidx     0x0000000008004a00        0x8 C:/ST/STM32CubeIDE_1.4.0/STM32CubeIDE/plugins/com.st.stm32cube.ide.mcu.externaltools.gnu-tools-for-stm32.11.3.rel1.win32_1.1.100.202309141235/tools/bin/../lib/gcc/arm-none-eabi/11.3.1/thumb/v7e-m+fp/hard\libgcc.a(_udivmoddi4.o)
                0x0000000008004a08                __exidx_end = .
                0x0000000008004a08                . = ALIGN (0x4)

.rel.dyn        0x0000000008004a08        0x0
 .rel.iplt      0x0000000008004a08        0x0 C:/ST/STM32CubeIDE_1.4.0/STM32CubeIDE/plugins/com.st.stm32cube.ide.mcu.externaltools.gnu-tools-for-stm32.11.3.rel1.win32_1.1.100.202309141235/tools/bin/../lib/gcc/arm-none-eabi/11.3.1/thumb/v7e-m+fp/hard/crtbegin.o

.preinit_array  0x0000000008004a08        0x0
                0x0000000008004a08                . = ALIGN (0x4)
                0x0000000008004a08                PROVIDE (__preinit_array_start = .)
 *(.preinit_array*)
                0x0000000008004a08                PROVIDE (__preinit_array_end = .)
                0x0000000008004a08                . = ALIGN (0x4)

.init_array     0x0000000008004a08        0x4
                0x0000000008004a08                . = ALIGN (0x4)
                0x0000000008004a08                PROVIDE (__init_array_start = .)
 *(SORT_BY_NAME(.init_array.*))
 *(.init_array*)
 .init_array    0x0000000008004a08        0x4 C:/ST/STM32CubeIDE_1.4.0/STM32CubeIDE/plugins/com.st.stm32cube.ide.mcu.externaltools.gnu-tools-for-stm32.11.3.rel1.win32_1.1.100.202309141235/tools/bin/../lib/gcc/arm-none-eabi/11.3.1/thumb/v7e-m+fp/hard/crtbegin.o
                0x0000000008004a0c                PROVIDE (__init_array_end = .)
                0x0000000008004a0c                . = ALIGN (0x4)

.fini_array     0x0000000008004a0c        0x4
                0x0000000008004a0c                . = ALIGN (0x4)
                [!provide]                        PROVIDE (__fini_array_start = .)
 *(SORT_BY_NAME(.fini_array.*))
 *(.fini_array*)
 .fini_array    0x0000000008004a0c        0x4 C:/ST/STM32CubeIDE_1.4.0/STM32CubeIDE/plugins/com.st.stm32cube.ide.mcu.externaltools.gnu-tools-for-stm32.11.3.rel1.win32_1.1.100.202309141235/tools/bin/../lib/gcc/arm-none-eabi/11.3.1/thumb/v7e-m+fp/hard/crtbegin.o
                [!provide]                        PROVIDE (__fini_array_end = .)
                0x0000000008004a10                . = ALIGN (0x4)
                0x0000000008004a10                _sidata = LOADADDR (.data)

.data           0x0000000020000000       0x60 load address 0x0000000008004a10
                0x0000000020000000                . = ALIGN (0x4)
                0x0000000020000000                _sdata = .
 *(.data)
 *(.data*)
 .data.DriverUpButton
                0x0000000020000000        0x8 ./Core/Src/main.o
                0x0000000020000000                DriverUpButton
 .data.DriverDownButton
                0x0000000020000008        0x8 ./Core/Src/main.o
                0x0000000020000008                DriverDownButton
 .data.PassengerUpButton
                0x0000000020000010        0x8 ./Core/Src/main.o
                0x0000000020000010                PassengerUpButton
 .data.PassengerDownButton
                0x0000000020000018        0x8 ./Core/Src/main.o
                0x0000000020000018                PassengerDownButton
 .data.LockBtn  0x0000000020000020        0x8 ./Core/Src/main.o
                0x0000000020000020                LockBtn
 .data.JamButton
                0x0000000020000028        0x8 ./Core/Src/main.o
                0x0000000020000028                JamButton
 .data.LimitUpSwitch
                0x0000000020000030        0x8 ./Core/Src/main.o
                0x0000000020000030                LimitUpSwitch
 .data.LimitDownSwitch
                0x0000000020000038        0x8 ./Core/Src/main.o
                0x0000000020000038                LimitDownSwitch
 .data.USER_LD3_GREEN_LED
                0x0000000020000040        0x8 ./Core/Src/main.o
                0x0000000020000040                USER_LD3_GREEN_LED
 .data.USER_LD4_RED_LED
                0x0000000020000048        0x8 ./Core/Src/main.o
                0x0000000020000048                USER_LD4_RED_LED
 .data.SystemCoreClock
                0x0000000020000050        0x4 ./Core/Src/system_stm32f4xx.o
                0x0000000020000050                SystemCoreClock
 .data.uwTickPrio
                0x0000000020000054        0x4 ./Drivers/STM32F4xx_HAL_Driver/Src/stm32f4xx_hal.o
                0x0000000020000054                uwTickPrio
 .data.uwTickFreq
                0x0000000020000058        0x1 ./Drivers/STM32F4xx_HAL_Driver/Src/stm32f4xx_hal.o
                0x0000000020000058                uwTickFreq
 *fill*         0x0000000020000059        0x3 
 .data.uxCriticalNesting
                0x000000002000005c        0x4 ./Middlewares/Third_Party/FreeRTOS/Source/portable/GCC/ARM_CM4F/port.o
 *(.RamFunc)
 *(.RamFunc*)
                0x0000000020000060                . = ALIGN (0x4)
                0x0000000020000060                _edata = .
                0x0000000008004a70                _siccmram = LOADADDR (.ccmram)

.igot.plt       0x0000000020000060        0x0 load address 0x0000000008004a70
 .igot.plt      0x0000000020000060        0x0 C:/ST/STM32CubeIDE_1.4.0/STM32CubeIDE/plugins/com.st.stm32cube.ide.mcu.externaltools.gnu-tools-for-stm32.11.3.rel1.win32_1.1.100.202309141235/tools/bin/../lib/gcc/arm-none-eabi/11.3.1/thumb/v7e-m+fp/hard/crtbegin.o

.ccmram         0x0000000010000000        0x0 load address 0x0000000008004a70
                0x0000000010000000                . = ALIGN (0x4)
                0x0000000010000000                _sccmram = .
 *(.ccmram)
 *(.ccmram*)
                0x0000000010000000                . = ALIGN (0x4)
                0x0000000010000000                _eccmram = .
                0x0000000010000000                . = ALIGN (0x4)

.bss            0x0000000020000060     0x4014
                0x0000000020000060                _sbss = .
                0x0000000020000060                __bss_start__ = _sbss
 *(.bss)
 .bss           0x0000000020000060       0x1c C:/ST/STM32CubeIDE_1.4.0/STM32CubeIDE/plugins/com.st.stm32cube.ide.mcu.externaltools.gnu-tools-for-stm32.11.3.rel1.win32_1.1.100.202309141235/tools/bin/../lib/gcc/arm-none-eabi/11.3.1/thumb/v7e-m+fp/hard/crtbegin.o
 *(.bss*)
 .bss.xIdleTaskTCBBuffer
                0x000000002000007c       0x54 ./Core/Src/freertos.o
 .bss.xIdleStack
                0x00000000200000d0      0x200 ./Core/Src/freertos.o
 .bss.defaultTaskHandle
                0x00000000200002d0        0x4 ./Core/Src/main.o
                0x00000000200002d0                defaultTaskHandle
 .bss.xLockSemaphore
                0x00000000200002d4        0x4 ./Core/Src/main.o
                0x00000000200002d4                xLockSemaphore
 .bss.xBinarySemaphore
                0x00000000200002d8        0x4 ./Core/Src/main.o
                0x00000000200002d8                xBinarySemaphore
 .bss.xJamSemaphore
                0x00000000200002dc        0x4 ./Core/Src/main.o
                0x00000000200002dc                xJamSemaphore
 .bss.xMotorMutex
                0x00000000200002e0        0x4 ./Core/Src/main.o
                0x00000000200002e0                xMotorMutex
 .bss.DriverHandle
                0x00000000200002e4        0x4 ./Core/Src/main.o
                0x00000000200002e4                DriverHandle
 .bss.xQueue    0x00000000200002e8        0x4 ./Core/Src/main.o
                0x00000000200002e8                xQueue
 .bss.hextiA    0x00000000200002ec        0x8 ./Core/Src/main.o
                0x00000000200002ec                hextiA
 .bss.exti_configA
                0x00000000200002f4       0x10 ./Core/Src/main.o
                0x00000000200002f4                exti_configA
 .bss.hextiB    0x0000000020000304        0x8 ./Core/Src/main.o
                0x0000000020000304                hextiB
 .bss.exti_configB
                0x000000002000030c       0x10 ./Core/Src/main.o
                0x000000002000030c                exti_configB
 .bss.uwTick    0x000000002000031c        0x4 ./Drivers/STM32F4xx_HAL_Driver/Src/stm32f4xx_hal.o
                0x000000002000031c                uwTick
 .bss.pxCurrentTCB
                0x0000000020000320        0x4 ./Middlewares/Third_Party/FreeRTOS/Source/tasks.o
                0x0000000020000320                pxCurrentTCB
 .bss.pxReadyTasksLists
                0x0000000020000324       0x8c ./Middlewares/Third_Party/FreeRTOS/Source/tasks.o
 .bss.xDelayedTaskList1
                0x00000000200003b0       0x14 ./Middlewares/Third_Party/FreeRTOS/Source/tasks.o
 .bss.xDelayedTaskList2
                0x00000000200003c4       0x14 ./Middlewares/Third_Party/FreeRTOS/Source/tasks.o
 .bss.pxDelayedTaskList
                0x00000000200003d8        0x4 ./Middlewares/Third_Party/FreeRTOS/Source/tasks.o
 .bss.pxOverflowDelayedTaskList
                0x00000000200003dc        0x4 ./Middlewares/Third_Party/FreeRTOS/Source/tasks.o
 .bss.xPendingReadyList
                0x00000000200003e0       0x14 ./Middlewares/Third_Party/FreeRTOS/Source/tasks.o
 .bss.xTasksWaitingTermination
                0x00000000200003f4       0x14 ./Middlewares/Third_Party/FreeRTOS/Source/tasks.o
 .bss.uxDeletedTasksWaitingCleanUp
                0x0000000020000408        0x4 ./Middlewares/Third_Party/FreeRTOS/Source/tasks.o
 .bss.xSuspendedTaskList
                0x000000002000040c       0x14 ./Middlewares/Third_Party/FreeRTOS/Source/tasks.o
 .bss.uxCurrentNumberOfTasks
                0x0000000020000420        0x4 ./Middlewares/Third_Party/FreeRTOS/Source/tasks.o
 .bss.xTickCount
                0x0000000020000424        0x4 ./Middlewares/Third_Party/FreeRTOS/Source/tasks.o
 .bss.uxTopReadyPriority
                0x0000000020000428        0x4 ./Middlewares/Third_Party/FreeRTOS/Source/tasks.o
 .bss.xSchedulerRunning
                0x000000002000042c        0x4 ./Middlewares/Third_Party/FreeRTOS/Source/tasks.o
 .bss.xPendedTicks
                0x0000000020000430        0x4 ./Middlewares/Third_Party/FreeRTOS/Source/tasks.o
 .bss.xYieldPending
                0x0000000020000434        0x4 ./Middlewares/Third_Party/FreeRTOS/Source/tasks.o
 .bss.xNumOfOverflows
                0x0000000020000438        0x4 ./Middlewares/Third_Party/FreeRTOS/Source/tasks.o
 .bss.uxTaskNumber
                0x000000002000043c        0x4 ./Middlewares/Third_Party/FreeRTOS/Source/tasks.o
 .bss.xNextTaskUnblockTime
                0x0000000020000440        0x4 ./Middlewares/Third_Party/FreeRTOS/Source/tasks.o
 .bss.xIdleTaskHandle
                0x0000000020000444        0x4 ./Middlewares/Third_Party/FreeRTOS/Source/tasks.o
 .bss.uxSchedulerSuspended
                0x0000000020000448        0x4 ./Middlewares/Third_Party/FreeRTOS/Source/tasks.o
 .bss.ucMaxSysCallPriority
                0x000000002000044c        0x1 ./Middlewares/Third_Party/FreeRTOS/Source/portable/GCC/ARM_CM4F/port.o
 *fill*         0x000000002000044d        0x3 
 .bss.ulMaxPRIGROUPValue
                0x0000000020000450        0x4 ./Middlewares/Third_Party/FreeRTOS/Source/portable/GCC/ARM_CM4F/port.o
 .bss.ucHeap    0x0000000020000454     0x3c00 ./Middlewares/Third_Party/FreeRTOS/Source/portable/MemMang/heap_4.o
 .bss.xStart    0x0000000020004054        0x8 ./Middlewares/Third_Party/FreeRTOS/Source/portable/MemMang/heap_4.o
 .bss.pxEnd     0x000000002000405c        0x4 ./Middlewares/Third_Party/FreeRTOS/Source/portable/MemMang/heap_4.o
 .bss.xFreeBytesRemaining
                0x0000000020004060        0x4 ./Middlewares/Third_Party/FreeRTOS/Source/portable/MemMang/heap_4.o
 .bss.xMinimumEverFreeBytesRemaining
                0x0000000020004064        0x4 ./Middlewares/Third_Party/FreeRTOS/Source/portable/MemMang/heap_4.o
 .bss.xNumberOfSuccessfulAllocations
                0x0000000020004068        0x4 ./Middlewares/Third_Party/FreeRTOS/Source/portable/MemMang/heap_4.o
 .bss.xNumberOfSuccessfulFrees
                0x000000002000406c        0x4 ./Middlewares/Third_Party/FreeRTOS/Source/portable/MemMang/heap_4.o
 .bss.xBlockAllocatedBit
                0x0000000020004070        0x4 ./Middlewares/Third_Party/FreeRTOS/Source/portable/MemMang/heap_4.o
 *(COMMON)
                0x0000000020004074                . = ALIGN (0x4)
                0x0000000020004074                _ebss = .
                0x0000000020004074                __bss_end__ = _ebss

._user_heap_stack
                0x0000000020004074      0x604
                0x0000000020004078                . = ALIGN (0x8)
 *fill*         0x0000000020004074        0x4 
                [!provide]                        PROVIDE (end = .)
                0x0000000020004078                PROVIDE (_end = .)
                0x0000000020004278                . = (. + _Min_Heap_Size)
 *fill*         0x0000000020004078      0x200 
                0x0000000020004678                . = (. + _Min_Stack_Size)
 *fill*         0x0000000020004278      0x400 
                0x0000000020004678                . = ALIGN (0x8)

/DISCARD/
 libc.a(*)
 libm.a(*)
 libgcc.a(*)

.ARM.attributes
                0x0000000000000000       0x30
 *(.ARM.attributes)
 .ARM.attributes
                0x0000000000000000       0x1e C:/ST/STM32CubeIDE_1.4.0/STM32CubeIDE/plugins/com.st.stm32cube.ide.mcu.externaltools.gnu-tools-for-stm32.11.3.rel1.win32_1.1.100.202309141235/tools/bin/../lib/gcc/arm-none-eabi/11.3.1/thumb/v7e-m+fp/hard/crti.o
 .ARM.attributes
                0x000000000000001e       0x34 C:/ST/STM32CubeIDE_1.4.0/STM32CubeIDE/plugins/com.st.stm32cube.ide.mcu.externaltools.gnu-tools-for-stm32.11.3.rel1.win32_1.1.100.202309141235/tools/bin/../lib/gcc/arm-none-eabi/11.3.1/thumb/v7e-m+fp/hard/crtbegin.o
 .ARM.attributes
                0x0000000000000052       0x34 ./Core/Src/button.o
 .ARM.attributes
                0x0000000000000086       0x34 ./Core/Src/dc_motor.o
 .ARM.attributes
                0x00000000000000ba       0x34 ./Core/Src/freertos.o
 .ARM.attributes
                0x00000000000000ee       0x34 ./Core/Src/led.o
 .ARM.attributes
                0x0000000000000122       0x34 ./Core/Src/limit_switch.o
 .ARM.attributes
                0x0000000000000156       0x34 ./Core/Src/main.o
 .ARM.attributes
                0x000000000000018a       0x34 ./Core/Src/stm32f4xx_hal_msp.o
 .ARM.attributes
                0x00000000000001be       0x34 ./Core/Src/stm32f4xx_it.o
 .ARM.attributes
                0x00000000000001f2       0x34 ./Core/Src/system_stm32f4xx.o
 .ARM.attributes
                0x0000000000000226       0x21 ./Core/Startup/startup_stm32f429zitx.o
 .ARM.attributes
                0x0000000000000247       0x34 ./Drivers/STM32F4xx_HAL_Driver/Src/stm32f4xx_hal.o
 .ARM.attributes
                0x000000000000027b       0x34 ./Drivers/STM32F4xx_HAL_Driver/Src/stm32f4xx_hal_cortex.o
 .ARM.attributes
                0x00000000000002af       0x34 ./Drivers/STM32F4xx_HAL_Driver/Src/stm32f4xx_hal_exti.o
 .ARM.attributes
                0x00000000000002e3       0x34 ./Drivers/STM32F4xx_HAL_Driver/Src/stm32f4xx_hal_gpio.o
 .ARM.attributes
                0x0000000000000317       0x34 ./Drivers/STM32F4xx_HAL_Driver/Src/stm32f4xx_hal_rcc.o
 .ARM.attributes
                0x000000000000034b       0x34 ./Middlewares/Third_Party/FreeRTOS/Source/CMSIS_RTOS/cmsis_os.o
 .ARM.attributes
                0x000000000000037f       0x34 ./Middlewares/Third_Party/FreeRTOS/Source/list.o
 .ARM.attributes
                0x00000000000003b3       0x34 ./Middlewares/Third_Party/FreeRTOS/Source/queue.o
 .ARM.attributes
                0x00000000000003e7       0x34 ./Middlewares/Third_Party/FreeRTOS/Source/tasks.o
 .ARM.attributes
                0x000000000000041b       0x34 ./Middlewares/Third_Party/FreeRTOS/Source/portable/GCC/ARM_CM4F/port.o
 .ARM.attributes
                0x000000000000044f       0x34 ./Middlewares/Third_Party/FreeRTOS/Source/portable/MemMang/heap_4.o
 .ARM.attributes
                0x0000000000000483       0x34 C:/ST/STM32CubeIDE_1.4.0/STM32CubeIDE/plugins/com.st.stm32cube.ide.mcu.externaltools.gnu-tools-for-stm32.11.3.rel1.win32_1.1.100.202309141235/tools/bin/../lib/gcc/arm-none-eabi/11.3.1/../../../../arm-none-eabi/lib/thumb/v7e-m+fp/hard\libc_nano.a(libc_a-memset.o)
 .ARM.attributes
                0x00000000000004b7       0x34 C:/ST/STM32CubeIDE_1.4.0/STM32CubeIDE/plugins/com.st.stm32cube.ide.mcu.externaltools.gnu-tools-for-stm32.11.3.rel1.win32_1.1.100.202309141235/tools/bin/../lib/gcc/arm-none-eabi/11.3.1/../../../../arm-none-eabi/lib/thumb/v7e-m+fp/hard\libc_nano.a(libc_a-init.o)
 .ARM.attributes
                0x00000000000004eb       0x34 C:/ST/STM32CubeIDE_1.4.0/STM32CubeIDE/plugins/com.st.stm32cube.ide.mcu.externaltools.gnu-tools-for-stm32.11.3.rel1.win32_1.1.100.202309141235/tools/bin/../lib/gcc/arm-none-eabi/11.3.1/../../../../arm-none-eabi/lib/thumb/v7e-m+fp/hard\libc_nano.a(libc_a-memcpy-stub.o)
 .ARM.attributes
                0x000000000000051f       0x1e C:/ST/STM32CubeIDE_1.4.0/STM32CubeIDE/plugins/com.st.stm32cube.ide.mcu.externaltools.gnu-tools-for-stm32.11.3.rel1.win32_1.1.100.202309141235/tools/bin/../lib/gcc/arm-none-eabi/11.3.1/thumb/v7e-m+fp/hard\libgcc.a(_aeabi_uldivmod.o)
 .ARM.attributes
                0x000000000000053d       0x34 C:/ST/STM32CubeIDE_1.4.0/STM32CubeIDE/plugins/com.st.stm32cube.ide.mcu.externaltools.gnu-tools-for-stm32.11.3.rel1.win32_1.1.100.202309141235/tools/bin/../lib/gcc/arm-none-eabi/11.3.1/thumb/v7e-m+fp/hard\libgcc.a(_udivmoddi4.o)
 .ARM.attributes
                0x0000000000000571       0x1e C:/ST/STM32CubeIDE_1.4.0/STM32CubeIDE/plugins/com.st.stm32cube.ide.mcu.externaltools.gnu-tools-for-stm32.11.3.rel1.win32_1.1.100.202309141235/tools/bin/../lib/gcc/arm-none-eabi/11.3.1/thumb/v7e-m+fp/hard\libgcc.a(_dvmd_tls.o)
 .ARM.attributes
                0x000000000000058f       0x1e C:/ST/STM32CubeIDE_1.4.0/STM32CubeIDE/plugins/com.st.stm32cube.ide.mcu.externaltools.gnu-tools-for-stm32.11.3.rel1.win32_1.1.100.202309141235/tools/bin/../lib/gcc/arm-none-eabi/11.3.1/thumb/v7e-m+fp/hard/crtn.o
OUTPUT(RTOS_PowerWindowControl.elf elf32-littlearm)
LOAD linker stubs
LOAD C:/ST/STM32CubeIDE_1.4.0/STM32CubeIDE/plugins/com.st.stm32cube.ide.mcu.externaltools.gnu-tools-for-stm32.11.3.rel1.win32_1.1.100.202309141235/tools/bin/../lib/gcc/arm-none-eabi/11.3.1/../../../../arm-none-eabi/lib/thumb/v7e-m+fp/hard\libc.a
LOAD C:/ST/STM32CubeIDE_1.4.0/STM32CubeIDE/plugins/com.st.stm32cube.ide.mcu.externaltools.gnu-tools-for-stm32.11.3.rel1.win32_1.1.100.202309141235/tools/bin/../lib/gcc/arm-none-eabi/11.3.1/../../../../arm-none-eabi/lib/thumb/v7e-m+fp/hard\libm.a
LOAD C:/ST/STM32CubeIDE_1.4.0/STM32CubeIDE/plugins/com.st.stm32cube.ide.mcu.externaltools.gnu-tools-for-stm32.11.3.rel1.win32_1.1.100.202309141235/tools/bin/../lib/gcc/arm-none-eabi/11.3.1/thumb/v7e-m+fp/hard\libgcc.a

.comment        0x0000000000000000       0x43
 .comment       0x0000000000000000       0x43 C:/ST/STM32CubeIDE_1.4.0/STM32CubeIDE/plugins/com.st.stm32cube.ide.mcu.externaltools.gnu-tools-for-stm32.11.3.rel1.win32_1.1.100.202309141235/tools/bin/../lib/gcc/arm-none-eabi/11.3.1/thumb/v7e-m+fp/hard/crtbegin.o
                                         0x44 (size before relaxing)
 .comment       0x0000000000000043       0x44 ./Core/Src/button.o
 .comment       0x0000000000000043       0x44 ./Core/Src/dc_motor.o
 .comment       0x0000000000000043       0x44 ./Core/Src/freertos.o
 .comment       0x0000000000000043       0x44 ./Core/Src/led.o
 .comment       0x0000000000000043       0x44 ./Core/Src/limit_switch.o
 .comment       0x0000000000000043       0x44 ./Core/Src/main.o
 .comment       0x0000000000000043       0x44 ./Core/Src/stm32f4xx_hal_msp.o
 .comment       0x0000000000000043       0x44 ./Core/Src/stm32f4xx_it.o
 .comment       0x0000000000000043       0x44 ./Core/Src/system_stm32f4xx.o
 .comment       0x0000000000000043       0x44 ./Drivers/STM32F4xx_HAL_Driver/Src/stm32f4xx_hal.o
 .comment       0x0000000000000043       0x44 ./Drivers/STM32F4xx_HAL_Driver/Src/stm32f4xx_hal_cortex.o
 .comment       0x0000000000000043       0x44 ./Drivers/STM32F4xx_HAL_Driver/Src/stm32f4xx_hal_exti.o
 .comment       0x0000000000000043       0x44 ./Drivers/STM32F4xx_HAL_Driver/Src/stm32f4xx_hal_gpio.o
 .comment       0x0000000000000043       0x44 ./Drivers/STM32F4xx_HAL_Driver/Src/stm32f4xx_hal_rcc.o
 .comment       0x0000000000000043       0x44 ./Middlewares/Third_Party/FreeRTOS/Source/CMSIS_RTOS/cmsis_os.o
 .comment       0x0000000000000043       0x44 ./Middlewares/Third_Party/FreeRTOS/Source/list.o
 .comment       0x0000000000000043       0x44 ./Middlewares/Third_Party/FreeRTOS/Source/queue.o
 .comment       0x0000000000000043       0x44 ./Middlewares/Third_Party/FreeRTOS/Source/tasks.o
 .comment       0x0000000000000043       0x44 ./Middlewares/Third_Party/FreeRTOS/Source/portable/GCC/ARM_CM4F/port.o
 .comment       0x0000000000000043       0x44 ./Middlewares/Third_Party/FreeRTOS/Source/portable/MemMang/heap_4.o

.debug_info     0x0000000000000000     0xb5b4
 .debug_info    0x0000000000000000      0x2a4 ./Core/Src/button.o
 .debug_info    0x00000000000002a4      0x41c ./Core/Src/dc_motor.o
 .debug_info    0x00000000000006c0      0x279 ./Core/Src/freertos.o
 .debug_info    0x0000000000000939      0x295 ./Core/Src/led.o
 .debug_info    0x0000000000000bce      0x301 ./Core/Src/limit_switch.o
 .debug_info    0x0000000000000ecf     0x1360 ./Core/Src/main.o
 .debug_info    0x000000000000222f      0x505 ./Core/Src/stm32f4xx_hal_msp.o
 .debug_info    0x0000000000002734      0x11a ./Core/Src/stm32f4xx_it.o
 .debug_info    0x000000000000284e      0x52e ./Core/Src/system_stm32f4xx.o
 .debug_info    0x0000000000002d7c       0x23 ./Core/Startup/startup_stm32f429zitx.o
 .debug_info    0x0000000000002d9f      0x9ba ./Drivers/STM32F4xx_HAL_Driver/Src/stm32f4xx_hal.o
 .debug_info    0x0000000000003759      0xd8d ./Drivers/STM32F4xx_HAL_Driver/Src/stm32f4xx_hal_cortex.o
 .debug_info    0x00000000000044e6      0x4f4 ./Drivers/STM32F4xx_HAL_Driver/Src/stm32f4xx_hal_exti.o
 .debug_info    0x00000000000049da      0x6db ./Drivers/STM32F4xx_HAL_Driver/Src/stm32f4xx_hal_gpio.o
 .debug_info    0x00000000000050b5      0x8c9 ./Drivers/STM32F4xx_HAL_Driver/Src/stm32f4xx_hal_rcc.o
 .debug_info    0x000000000000597e     0x1b60 ./Middlewares/Third_Party/FreeRTOS/Source/CMSIS_RTOS/cmsis_os.o
 .debug_info    0x00000000000074de      0x2af ./Middlewares/Third_Party/FreeRTOS/Source/list.o
 .debug_info    0x000000000000778d     0x17cd ./Middlewares/Third_Party/FreeRTOS/Source/queue.o
 .debug_info    0x0000000000008f5a     0x1ca7 ./Middlewares/Third_Party/FreeRTOS/Source/tasks.o
 .debug_info    0x000000000000ac01      0x4de ./Middlewares/Third_Party/FreeRTOS/Source/portable/GCC/ARM_CM4F/port.o
 .debug_info    0x000000000000b0df      0x4d5 ./Middlewares/Third_Party/FreeRTOS/Source/portable/MemMang/heap_4.o

.debug_abbrev   0x0000000000000000     0x28a0
 .debug_abbrev  0x0000000000000000      0x17c ./Core/Src/button.o
 .debug_abbrev  0x000000000000017c      0x175 ./Core/Src/dc_motor.o
 .debug_abbrev  0x00000000000002f1       0xd2 ./Core/Src/freertos.o
 .debug_abbrev  0x00000000000003c3      0x164 ./Core/Src/led.o
 .debug_abbrev  0x0000000000000527      0x180 ./Core/Src/limit_switch.o
 .debug_abbrev  0x00000000000006a7      0x35e ./Core/Src/main.o
 .debug_abbrev  0x0000000000000a05      0x119 ./Core/Src/stm32f4xx_hal_msp.o
 .debug_abbrev  0x0000000000000b1e       0x97 ./Core/Src/stm32f4xx_it.o
 .debug_abbrev  0x0000000000000bb5      0x11a ./Core/Src/system_stm32f4xx.o
 .debug_abbrev  0x0000000000000ccf       0x12 ./Core/Startup/startup_stm32f429zitx.o
 .debug_abbrev  0x0000000000000ce1      0x214 ./Drivers/STM32F4xx_HAL_Driver/Src/stm32f4xx_hal.o
 .debug_abbrev  0x0000000000000ef5      0x328 ./Drivers/STM32F4xx_HAL_Driver/Src/stm32f4xx_hal_cortex.o
 .debug_abbrev  0x000000000000121d      0x1c6 ./Drivers/STM32F4xx_HAL_Driver/Src/stm32f4xx_hal_exti.o
 .debug_abbrev  0x00000000000013e3      0x1d4 ./Drivers/STM32F4xx_HAL_Driver/Src/stm32f4xx_hal_gpio.o
 .debug_abbrev  0x00000000000015b7      0x2b6 ./Drivers/STM32F4xx_HAL_Driver/Src/stm32f4xx_hal_rcc.o
 .debug_abbrev  0x000000000000186d      0x3b7 ./Middlewares/Third_Party/FreeRTOS/Source/CMSIS_RTOS/cmsis_os.o
 .debug_abbrev  0x0000000000001c24       0xf5 ./Middlewares/Third_Party/FreeRTOS/Source/list.o
 .debug_abbrev  0x0000000000001d19      0x3b5 ./Middlewares/Third_Party/FreeRTOS/Source/queue.o
 .debug_abbrev  0x00000000000020ce      0x359 ./Middlewares/Third_Party/FreeRTOS/Source/tasks.o
 .debug_abbrev  0x0000000000002427      0x25c ./Middlewares/Third_Party/FreeRTOS/Source/portable/GCC/ARM_CM4F/port.o
 .debug_abbrev  0x0000000000002683      0x21d ./Middlewares/Third_Party/FreeRTOS/Source/portable/MemMang/heap_4.o

.debug_aranges  0x0000000000000000      0xb30
 .debug_aranges
                0x0000000000000000       0x28 ./Core/Src/button.o
 .debug_aranges
                0x0000000000000028       0x28 ./Core/Src/dc_motor.o
 .debug_aranges
                0x0000000000000050       0x20 ./Core/Src/freertos.o
 .debug_aranges
                0x0000000000000070       0x28 ./Core/Src/led.o
 .debug_aranges
                0x0000000000000098       0x30 ./Core/Src/limit_switch.o
 .debug_aranges
                0x00000000000000c8       0x98 ./Core/Src/main.o
 .debug_aranges
                0x0000000000000160       0x20 ./Core/Src/stm32f4xx_hal_msp.o
 .debug_aranges
                0x0000000000000180       0x50 ./Core/Src/stm32f4xx_it.o
 .debug_aranges
                0x00000000000001d0       0x28 ./Core/Src/system_stm32f4xx.o
 .debug_aranges
                0x00000000000001f8       0x28 ./Core/Startup/startup_stm32f429zitx.o
 .debug_aranges
                0x0000000000000220      0x100 ./Drivers/STM32F4xx_HAL_Driver/Src/stm32f4xx_hal.o
 .debug_aranges
                0x0000000000000320      0x120 ./Drivers/STM32F4xx_HAL_Driver/Src/stm32f4xx_hal_cortex.o
 .debug_aranges
                0x0000000000000440       0x60 ./Drivers/STM32F4xx_HAL_Driver/Src/stm32f4xx_hal_exti.o
 .debug_aranges
                0x00000000000004a0       0x58 ./Drivers/STM32F4xx_HAL_Driver/Src/stm32f4xx_hal_gpio.o
 .debug_aranges
                0x00000000000004f8       0x88 ./Drivers/STM32F4xx_HAL_Driver/Src/stm32f4xx_hal_rcc.o
 .debug_aranges
                0x0000000000000580      0x1d8 ./Middlewares/Third_Party/FreeRTOS/Source/CMSIS_RTOS/cmsis_os.o
 .debug_aranges
                0x0000000000000758       0x40 ./Middlewares/Third_Party/FreeRTOS/Source/list.o
 .debug_aranges
                0x0000000000000798      0x108 ./Middlewares/Third_Party/FreeRTOS/Source/queue.o
 .debug_aranges
                0x00000000000008a0      0x1b8 ./Middlewares/Third_Party/FreeRTOS/Source/tasks.o
 .debug_aranges
                0x0000000000000a58       0x80 ./Middlewares/Third_Party/FreeRTOS/Source/portable/GCC/ARM_CM4F/port.o
 .debug_aranges
                0x0000000000000ad8       0x58 ./Middlewares/Third_Party/FreeRTOS/Source/portable/MemMang/heap_4.o

.debug_rnglists
                0x0000000000000000      0x846
 .debug_rnglists
                0x0000000000000000       0x19 ./Core/Src/button.o
 .debug_rnglists
                0x0000000000000019       0x19 ./Core/Src/dc_motor.o
 .debug_rnglists
                0x0000000000000032       0x13 ./Core/Src/freertos.o
 .debug_rnglists
                0x0000000000000045       0x19 ./Core/Src/led.o
 .debug_rnglists
                0x000000000000005e       0x1f ./Core/Src/limit_switch.o
 .debug_rnglists
                0x000000000000007d       0x72 ./Core/Src/main.o
 .debug_rnglists
                0x00000000000000ef       0x13 ./Core/Src/stm32f4xx_hal_msp.o
 .debug_rnglists
                0x0000000000000102       0x37 ./Core/Src/stm32f4xx_it.o
 .debug_rnglists
                0x0000000000000139       0x1a ./Core/Src/system_stm32f4xx.o
 .debug_rnglists
                0x0000000000000153       0x19 ./Core/Startup/startup_stm32f429zitx.o
 .debug_rnglists
                0x000000000000016c       0xbb ./Drivers/STM32F4xx_HAL_Driver/Src/stm32f4xx_hal.o
 .debug_rnglists
                0x0000000000000227       0xd4 ./Drivers/STM32F4xx_HAL_Driver/Src/stm32f4xx_hal_cortex.o
 .debug_rnglists
                0x00000000000002fb       0x46 ./Drivers/STM32F4xx_HAL_Driver/Src/stm32f4xx_hal_exti.o
 .debug_rnglists
                0x0000000000000341       0x3f ./Drivers/STM32F4xx_HAL_Driver/Src/stm32f4xx_hal_gpio.o
 .debug_rnglists
                0x0000000000000380       0x66 ./Drivers/STM32F4xx_HAL_Driver/Src/stm32f4xx_hal_rcc.o
 .debug_rnglists
                0x00000000000003e6      0x16a ./Middlewares/Third_Party/FreeRTOS/Source/CMSIS_RTOS/cmsis_os.o
 .debug_rnglists
                0x0000000000000550       0x2b ./Middlewares/Third_Party/FreeRTOS/Source/list.o
 .debug_rnglists
                0x000000000000057b       0xcd ./Middlewares/Third_Party/FreeRTOS/Source/queue.o
 .debug_rnglists
                0x0000000000000648      0x15f ./Middlewares/Third_Party/FreeRTOS/Source/tasks.o
 .debug_rnglists
                0x00000000000007a7       0x5d ./Middlewares/Third_Party/FreeRTOS/Source/portable/GCC/ARM_CM4F/port.o
 .debug_rnglists
                0x0000000000000804       0x42 ./Middlewares/Third_Party/FreeRTOS/Source/portable/MemMang/heap_4.o

.debug_macro    0x0000000000000000    0x23c2e
 .debug_macro   0x0000000000000000      0x1be ./Core/Src/button.o
 .debug_macro   0x00000000000001be      0xaa8 ./Core/Src/button.o
 .debug_macro   0x0000000000000c66       0x28 ./Core/Src/button.o
 .debug_macro   0x0000000000000c8e       0x22 ./Core/Src/button.o
 .debug_macro   0x0000000000000cb0       0x8e ./Core/Src/button.o
 .debug_macro   0x0000000000000d3e       0x51 ./Core/Src/button.o
 .debug_macro   0x0000000000000d8f      0x103 ./Core/Src/button.o
 .debug_macro   0x0000000000000e92       0x6a ./Core/Src/button.o
 .debug_macro   0x0000000000000efc      0x1df ./Core/Src/button.o
 .debug_macro   0x00000000000010db       0x1c ./Core/Src/button.o
 .debug_macro   0x00000000000010f7       0x22 ./Core/Src/button.o
 .debug_macro   0x0000000000001119       0xfb ./Core/Src/button.o
 .debug_macro   0x0000000000001214     0x1011 ./Core/Src/button.o
 .debug_macro   0x0000000000002225      0x11f ./Core/Src/button.o
 .debug_macro   0x0000000000002344    0x17fd8 ./Core/Src/button.o
 .debug_macro   0x000000000001a31c      0x28f ./Core/Src/button.o
 .debug_macro   0x000000000001a5ab       0x2e ./Core/Src/button.o
 .debug_macro   0x000000000001a5d9       0x6d ./Core/Src/button.o
 .debug_macro   0x000000000001a646     0x3703 ./Core/Src/button.o
 .debug_macro   0x000000000001dd49      0x174 ./Core/Src/button.o
 .debug_macro   0x000000000001debd       0x5c ./Core/Src/button.o
 .debug_macro   0x000000000001df19      0xcba ./Core/Src/button.o
 .debug_macro   0x000000000001ebd3      0x9e9 ./Core/Src/button.o
 .debug_macro   0x000000000001f5bc      0x115 ./Core/Src/button.o
 .debug_macro   0x000000000001f6d1      0x156 ./Core/Src/button.o
 .debug_macro   0x000000000001f827       0xa5 ./Core/Src/button.o
 .debug_macro   0x000000000001f8cc      0x182 ./Core/Src/button.o
 .debug_macro   0x000000000001fa4e      0x287 ./Core/Src/button.o
 .debug_macro   0x000000000001fcd5       0x5f ./Core/Src/button.o
 .debug_macro   0x000000000001fd34      0x236 ./Core/Src/button.o
 .debug_macro   0x000000000001ff6a      0x132 ./Core/Src/button.o
 .debug_macro   0x000000000002009c      0x41d ./Core/Src/button.o
 .debug_macro   0x00000000000204b9       0x2e ./Core/Src/button.o
 .debug_macro   0x00000000000204e7      0x127 ./Core/Src/button.o
 .debug_macro   0x000000000002060e       0xe2 ./Core/Src/button.o
 .debug_macro   0x00000000000206f0       0x89 ./Core/Src/button.o
 .debug_macro   0x0000000000020779      0x134 ./Core/Src/button.o
 .debug_macro   0x00000000000208ad      0x1c3 ./Core/Src/dc_motor.o
 .debug_macro   0x0000000000020a70       0x22 ./Core/Src/dc_motor.o
 .debug_macro   0x0000000000020a92      0x222 ./Core/Src/freertos.o
 .debug_macro   0x0000000000020cb4       0xe4 ./Core/Src/freertos.o
 .debug_macro   0x0000000000020d98      0x15a ./Core/Src/freertos.o
 .debug_macro   0x0000000000020ef2       0xde ./Core/Src/freertos.o
 .debug_macro   0x0000000000020fd0       0x1c ./Core/Src/freertos.o
 .debug_macro   0x0000000000020fec       0x26 ./Core/Src/freertos.o
 .debug_macro   0x0000000000021012      0x504 ./Core/Src/freertos.o
 .debug_macro   0x0000000000021516       0xb5 ./Core/Src/freertos.o
 .debug_macro   0x00000000000215cb       0xaa ./Core/Src/freertos.o
 .debug_macro   0x0000000000021675      0x1c3 ./Core/Src/led.o
 .debug_macro   0x0000000000021838       0x10 ./Core/Src/led.o
 .debug_macro   0x0000000000021848      0x1c3 ./Core/Src/limit_switch.o
 .debug_macro   0x0000000000021a0b       0x10 ./Core/Src/limit_switch.o
 .debug_macro   0x0000000000021a1b      0x29c ./Core/Src/main.o
 .debug_macro   0x0000000000021cb7       0xe4 ./Core/Src/main.o
 .debug_macro   0x0000000000021d9b       0x91 ./Core/Src/main.o
 .debug_macro   0x0000000000021e2c       0x8d ./Core/Src/main.o
 .debug_macro   0x0000000000021eb9       0x7e ./Core/Src/main.o
 .debug_macro   0x0000000000021f37       0x19 ./Core/Src/main.o
 .debug_macro   0x0000000000021f50       0xf2 ./Core/Src/main.o
 .debug_macro   0x0000000000022042       0x16 ./Core/Src/main.o
 .debug_macro   0x0000000000022058       0x28 ./Core/Src/main.o
 .debug_macro   0x0000000000022080      0x1ba ./Core/Src/stm32f4xx_hal_msp.o
 .debug_macro   0x000000000002223a      0x22c ./Core/Src/stm32f4xx_it.o
 .debug_macro   0x0000000000022466      0x1b0 ./Core/Src/system_stm32f4xx.o
 .debug_macro   0x0000000000022616      0x210 ./Drivers/STM32F4xx_HAL_Driver/Src/stm32f4xx_hal.o
 .debug_macro   0x0000000000022826      0x1b0 ./Drivers/STM32F4xx_HAL_Driver/Src/stm32f4xx_hal_cortex.o
 .debug_macro   0x00000000000229d6      0x1b0 ./Drivers/STM32F4xx_HAL_Driver/Src/stm32f4xx_hal_exti.o
 .debug_macro   0x0000000000022b86      0x1b6 ./Drivers/STM32F4xx_HAL_Driver/Src/stm32f4xx_hal_gpio.o
 .debug_macro   0x0000000000022d3c      0x1d4 ./Drivers/STM32F4xx_HAL_Driver/Src/stm32f4xx_hal_rcc.o
 .debug_macro   0x0000000000022f10      0x1fe ./Middlewares/Third_Party/FreeRTOS/Source/CMSIS_RTOS/cmsis_os.o
 .debug_macro   0x000000000002310e       0x10 ./Middlewares/Third_Party/FreeRTOS/Source/CMSIS_RTOS/cmsis_os.o
 .debug_macro   0x000000000002311e       0x20 ./Middlewares/Third_Party/FreeRTOS/Source/CMSIS_RTOS/cmsis_os.o
 .debug_macro   0x000000000002313e       0xe9 ./Middlewares/Third_Party/FreeRTOS/Source/CMSIS_RTOS/cmsis_os.o
 .debug_macro   0x0000000000023227      0x187 ./Middlewares/Third_Party/FreeRTOS/Source/list.o
 .debug_macro   0x00000000000233ae      0x216 ./Middlewares/Third_Party/FreeRTOS/Source/queue.o
 .debug_macro   0x00000000000235c4       0x16 ./Middlewares/Third_Party/FreeRTOS/Source/queue.o
 .debug_macro   0x00000000000235da       0x87 ./Middlewares/Third_Party/FreeRTOS/Source/queue.o
 .debug_macro   0x0000000000023661      0x279 ./Middlewares/Third_Party/FreeRTOS/Source/tasks.o
 .debug_macro   0x00000000000238da       0x10 ./Middlewares/Third_Party/FreeRTOS/Source/tasks.o
 .debug_macro   0x00000000000238ea      0x196 ./Middlewares/Third_Party/FreeRTOS/Source/portable/GCC/ARM_CM4F/port.o
 .debug_macro   0x0000000000023a80      0x1ae ./Middlewares/Third_Party/FreeRTOS/Source/portable/MemMang/heap_4.o

.debug_line     0x0000000000000000     0xdce2
 .debug_line    0x0000000000000000      0x732 ./Core/Src/button.o
 .debug_line    0x0000000000000732      0x736 ./Core/Src/dc_motor.o
 .debug_line    0x0000000000000e68      0x800 ./Core/Src/freertos.o
 .debug_line    0x0000000000001668      0x729 ./Core/Src/led.o
 .debug_line    0x0000000000001d91      0x766 ./Core/Src/limit_switch.o
 .debug_line    0x00000000000024f7      0xc2b ./Core/Src/main.o
 .debug_line    0x0000000000003122      0x703 ./Core/Src/stm32f4xx_hal_msp.o
 .debug_line    0x0000000000003825      0x8aa ./Core/Src/stm32f4xx_it.o
 .debug_line    0x00000000000040cf      0x783 ./Core/Src/system_stm32f4xx.o
 .debug_line    0x0000000000004852       0x7a ./Core/Startup/startup_stm32f429zitx.o
 .debug_line    0x00000000000048cc      0xa1f ./Drivers/STM32F4xx_HAL_Driver/Src/stm32f4xx_hal.o
 .debug_line    0x00000000000052eb      0xcb5 ./Drivers/STM32F4xx_HAL_Driver/Src/stm32f4xx_hal_cortex.o
 .debug_line    0x0000000000005fa0      0x9d5 ./Drivers/STM32F4xx_HAL_Driver/Src/stm32f4xx_hal_exti.o
 .debug_line    0x0000000000006975      0xb85 ./Drivers/STM32F4xx_HAL_Driver/Src/stm32f4xx_hal_gpio.o
 .debug_line    0x00000000000074fa      0xd60 ./Drivers/STM32F4xx_HAL_Driver/Src/stm32f4xx_hal_rcc.o
 .debug_line    0x000000000000825a     0x1261 ./Middlewares/Third_Party/FreeRTOS/Source/CMSIS_RTOS/cmsis_os.o
 .debug_line    0x00000000000094bb      0x791 ./Middlewares/Third_Party/FreeRTOS/Source/list.o
 .debug_line    0x0000000000009c4c     0x1512 ./Middlewares/Third_Party/FreeRTOS/Source/queue.o
 .debug_line    0x000000000000b15e     0x19a0 ./Middlewares/Third_Party/FreeRTOS/Source/tasks.o
 .debug_line    0x000000000000cafe      0x82c ./Middlewares/Third_Party/FreeRTOS/Source/portable/GCC/ARM_CM4F/port.o
 .debug_line    0x000000000000d32a      0x9b8 ./Middlewares/Third_Party/FreeRTOS/Source/portable/MemMang/heap_4.o

.debug_str      0x0000000000000000    0xd7b4f
 .debug_str     0x0000000000000000    0xc9b2a ./Core/Src/button.o
                                      0xc9dd3 (size before relaxing)
 .debug_str     0x00000000000c9b2a      0x227 ./Core/Src/dc_motor.o
                                      0xc9f89 (size before relaxing)
 .debug_str     0x00000000000c9d51     0x3edf ./Core/Src/freertos.o
                                      0xcdbc0 (size before relaxing)
 .debug_str     0x00000000000cdc30       0x77 ./Core/Src/led.o
                                      0xc9de6 (size before relaxing)
 .debug_str     0x00000000000cdca7       0xff ./Core/Src/limit_switch.o
                                      0xc9e87 (size before relaxing)
 .debug_str     0x00000000000cdda6     0x2e98 ./Core/Src/main.o
                                      0xd0de1 (size before relaxing)
 .debug_str     0x00000000000d0c3e       0x2c ./Core/Src/stm32f4xx_hal_msp.o
                                      0xca352 (size before relaxing)
 .debug_str     0x00000000000d0c6a       0xd9 ./Core/Src/stm32f4xx_it.o
                                      0xcdb21 (size before relaxing)
 .debug_str     0x00000000000d0d43       0xdb ./Core/Src/system_stm32f4xx.o
                                      0xc9e91 (size before relaxing)
 .debug_str     0x00000000000d0e1e       0x34 ./Core/Startup/startup_stm32f429zitx.o
                                         0x73 (size before relaxing)
 .debug_str     0x00000000000d0e52      0x648 ./Drivers/STM32F4xx_HAL_Driver/Src/stm32f4xx_hal.o
                                      0xcaab4 (size before relaxing)
 .debug_str     0x00000000000d149a      0x33e ./Drivers/STM32F4xx_HAL_Driver/Src/stm32f4xx_hal_cortex.o
                                      0xca7b0 (size before relaxing)
 .debug_str     0x00000000000d17d8      0x192 ./Drivers/STM32F4xx_HAL_Driver/Src/stm32f4xx_hal_exti.o
                                      0xc9eea (size before relaxing)
 .debug_str     0x00000000000d196a       0xa1 ./Drivers/STM32F4xx_HAL_Driver/Src/stm32f4xx_hal_gpio.o
                                      0xca00c (size before relaxing)
 .debug_str     0x00000000000d1a0b      0x233 ./Drivers/STM32F4xx_HAL_Driver/Src/stm32f4xx_hal_rcc.o
                                      0xca2c5 (size before relaxing)
 .debug_str     0x00000000000d1c3e     0x3b2f ./Middlewares/Third_Party/FreeRTOS/Source/CMSIS_RTOS/cmsis_os.o
                                       0xe99d (size before relaxing)
 .debug_str     0x00000000000d576d      0x20f ./Middlewares/Third_Party/FreeRTOS/Source/list.o
                                       0xaa6f (size before relaxing)
 .debug_str     0x00000000000d597c      0x7ed ./Middlewares/Third_Party/FreeRTOS/Source/queue.o
                                       0xc402 (size before relaxing)
 .debug_str     0x00000000000d6169      0xf36 ./Middlewares/Third_Party/FreeRTOS/Source/tasks.o
                                       0xcdda (size before relaxing)
 .debug_str     0x00000000000d709f      0x783 ./Middlewares/Third_Party/FreeRTOS/Source/portable/GCC/ARM_CM4F/port.o
                                       0x86b8 (size before relaxing)
 .debug_str     0x00000000000d7822      0x32d ./Middlewares/Third_Party/FreeRTOS/Source/portable/MemMang/heap_4.o
                                       0xb3b1 (size before relaxing)

.debug_frame    0x0000000000000000     0x2ab4
 .debug_frame   0x0000000000000000       0x58 ./Core/Src/button.o
 .debug_frame   0x0000000000000058       0x58 ./Core/Src/dc_motor.o
 .debug_frame   0x00000000000000b0       0x38 ./Core/Src/freertos.o
 .debug_frame   0x00000000000000e8       0x58 ./Core/Src/led.o
 .debug_frame   0x0000000000000140       0x7c ./Core/Src/limit_switch.o
 .debug_frame   0x00000000000001bc      0x214 ./Core/Src/main.o
 .debug_frame   0x00000000000003d0       0x34 ./Core/Src/stm32f4xx_hal_msp.o
 .debug_frame   0x0000000000000404       0xc4 ./Core/Src/stm32f4xx_it.o
 .debug_frame   0x00000000000004c8       0x58 ./Core/Src/system_stm32f4xx.o
 .debug_frame   0x0000000000000520      0x3b4 ./Drivers/STM32F4xx_HAL_Driver/Src/stm32f4xx_hal.o
 .debug_frame   0x00000000000008d4      0x4b8 ./Drivers/STM32F4xx_HAL_Driver/Src/stm32f4xx_hal_cortex.o
 .debug_frame   0x0000000000000d8c      0x174 ./Drivers/STM32F4xx_HAL_Driver/Src/stm32f4xx_hal_exti.o
 .debug_frame   0x0000000000000f00      0x14c ./Drivers/STM32F4xx_HAL_Driver/Src/stm32f4xx_hal_gpio.o
 .debug_frame   0x000000000000104c      0x1f4 ./Drivers/STM32F4xx_HAL_Driver/Src/stm32f4xx_hal_rcc.o
 .debug_frame   0x0000000000001240      0x80c ./Middlewares/Third_Party/FreeRTOS/Source/CMSIS_RTOS/cmsis_os.o
 .debug_frame   0x0000000000001a4c       0xd8 ./Middlewares/Third_Party/FreeRTOS/Source/list.o
 .debug_frame   0x0000000000001b24      0x46c ./Middlewares/Third_Party/FreeRTOS/Source/queue.o
 .debug_frame   0x0000000000001f90      0x77c ./Middlewares/Third_Party/FreeRTOS/Source/tasks.o
 .debug_frame   0x000000000000270c      0x1a8 ./Middlewares/Third_Party/FreeRTOS/Source/portable/GCC/ARM_CM4F/port.o
 .debug_frame   0x00000000000028b4      0x12c ./Middlewares/Third_Party/FreeRTOS/Source/portable/MemMang/heap_4.o
 .debug_frame   0x00000000000029e0       0x20 C:/ST/STM32CubeIDE_1.4.0/STM32CubeIDE/plugins/com.st.stm32cube.ide.mcu.externaltools.gnu-tools-for-stm32.11.3.rel1.win32_1.1.100.202309141235/tools/bin/../lib/gcc/arm-none-eabi/11.3.1/../../../../arm-none-eabi/lib/thumb/v7e-m+fp/hard\libc_nano.a(libc_a-memset.o)
 .debug_frame   0x0000000000002a00       0x2c C:/ST/STM32CubeIDE_1.4.0/STM32CubeIDE/plugins/com.st.stm32cube.ide.mcu.externaltools.gnu-tools-for-stm32.11.3.rel1.win32_1.1.100.202309141235/tools/bin/../lib/gcc/arm-none-eabi/11.3.1/../../../../arm-none-eabi/lib/thumb/v7e-m+fp/hard\libc_nano.a(libc_a-init.o)
 .debug_frame   0x0000000000002a2c       0x28 C:/ST/STM32CubeIDE_1.4.0/STM32CubeIDE/plugins/com.st.stm32cube.ide.mcu.externaltools.gnu-tools-for-stm32.11.3.rel1.win32_1.1.100.202309141235/tools/bin/../lib/gcc/arm-none-eabi/11.3.1/../../../../arm-none-eabi/lib/thumb/v7e-m+fp/hard\libc_nano.a(libc_a-memcpy-stub.o)
 .debug_frame   0x0000000000002a54       0x2c C:/ST/STM32CubeIDE_1.4.0/STM32CubeIDE/plugins/com.st.stm32cube.ide.mcu.externaltools.gnu-tools-for-stm32.11.3.rel1.win32_1.1.100.202309141235/tools/bin/../lib/gcc/arm-none-eabi/11.3.1/thumb/v7e-m+fp/hard\libgcc.a(_aeabi_uldivmod.o)
 .debug_frame   0x0000000000002a80       0x34 C:/ST/STM32CubeIDE_1.4.0/STM32CubeIDE/plugins/com.st.stm32cube.ide.mcu.externaltools.gnu-tools-for-stm32.11.3.rel1.win32_1.1.100.202309141235/tools/bin/../lib/gcc/arm-none-eabi/11.3.1/thumb/v7e-m+fp/hard\libgcc.a(_udivmoddi4.o)

.debug_line_str
                0x0000000000000000       0x67
 .debug_line_str
                0x0000000000000000       0x67 ./Core/Startup/startup_stm32f429zitx.o
                                         0x7f (size before relaxing)
