../Core/Src/main.c:122:5:main	56	static
../Core/Src/main.c:184:6:PWC_motorControl	16	static
../Core/Src/main.c:201:6:LockPassengerTask	16	static
../Core/Src/main.c:219:6:JamTask	16	static
../Core/Src/main.c:235:6:receiveQueue	24	static
../Core/Src/main.c:245:6:DriverTask	24	static
../Core/Src/main.c:303:6:PassengerTask	24	static
../Core/Src/main.c:359:6:EXTI_Initialization	4	static
../Core/Src/main.c:373:6:EXTI2_IRQHandler	8	static
../Core/Src/main.c:379:6:EXTI3_IRQHandler	8	static
../Core/Src/main.c:385:6:HAL_GPIO_EXTI_Callback	24	static,ignoring_inline_asm
../Core/Src/main.c:406:13:MX_NVIC_Init	8	static
../Core/Src/main.c:423:6:SystemClock_Config	88	static
../Core/Src/main.c:462:13:MX_GPIO_Init	24	static
../Core/Src/main.c:481:6:StartDefaultTask	16	static
../Core/Src/main.c:494:6:Error_Handler	4	static,ignoring_inline_asm
